../../../data/Mouher_Data
├── clean
│   ├── catalog.clean.json
│   ├── categories.clean.json
│   ├── collections.clean.json
│   ├── media
│   │   ├── products
│   │   │   ├── 100-684dc9ae16946
│   │   │   │   ├── 01.jpg -> ../../../../data/images/100/1_2025_06_14.jpg
│   │   │   │   ├── 02.jpg -> ../../../../data/images/100/2_2025_06_14.jpg
│   │   │   │   └── 03.jpg -> ../../../../data/images/100/3_2025_06_14.jpg
│   │   │   ├── 101-684dcad0aab17
│   │   │   │   ├── 01.jpg -> ../../../../data/images/101/1_2025_06_14.jpg
│   │   │   │   ├── 02.jpg -> ../../../../data/images/101/2_2025_06_14.jpg
│   │   │   │   ├── 03.jpg -> ../../../../data/images/101/3_2025_06_14.jpg
│   │   │   │   ├── 04.jpg -> ../../../../data/images/101/4_2025_06_14.jpg
│   │   │   │   └── 05.jpg -> ../../../../data/images/101/5_2025_06_14.jpg
│   │   │   ├── 102-684dcbcfcc893
│   │   │   │   ├── 01.jpg -> ../../../../data/images/102/1_2025_06_14.jpg
│   │   │   │   ├── 02.jpg -> ../../../../data/images/102/2_2025_06_14.jpg
│   │   │   │   ├── 03.jpg -> ../../../../data/images/102/3_2025_06_14.jpg
│   │   │   │   └── 04.jpg -> ../../../../data/images/102/4_2025_06_14.jpg
│   │   │   ├── 103-684dcd2c7e6ae
│   │   │   │   ├── 01.jpg -> ../../../../data/images/103/1_2025_06_14.jpg
│   │   │   │   ├── 02.jpg -> ../../../../data/images/103/2_2025_06_14.jpg
│   │   │   │   ├── 03.jpg -> ../../../../data/images/103/3_2025_06_14.jpg
│   │   │   │   ├── 04.jpg -> ../../../../data/images/103/4_2025_06_14.jpg
│   │   │   │   └── 05.jpg -> ../../../../data/images/103/5_2025_06_14.jpg
│   │   │   ├── 104-684dceb41eec2
│   │   │   │   ├── 01.jpg -> ../../../../data/images/104/1_2025_06_14.jpg
│   │   │   │   ├── 02.jpg -> ../../../../data/images/104/2_2025_06_14.jpg
│   │   │   │   ├── 03.jpg -> ../../../../data/images/104/3_2025_06_14.jpg
│   │   │   │   └── 04.jpg -> ../../../../data/images/104/4_2025_06_14.jpg
│   │   │   ├── 105-684dd0dc2928e
│   │   │   │   ├── 01.jpg -> ../../../../data/images/105/1_2025_06_14.jpg
│   │   │   │   ├── 02.jpg -> ../../../../data/images/105/2_2025_06_14.jpg
│   │   │   │   ├── 03.jpg -> ../../../../data/images/105/3_2025_06_14.jpg
│   │   │   │   └── 04.jpg -> ../../../../data/images/105/4_2025_06_14.jpg
│   │   │   ├── 106-684dd5133909f
│   │   │   │   ├── 01.jpg -> ../../../../data/images/106/1_2025_06_14.jpg
│   │   │   │   ├── 02.jpg -> ../../../../data/images/106/2_2025_06_14.jpg
│   │   │   │   ├── 03.jpg -> ../../../../data/images/106/3_2025_06_14.jpg
│   │   │   │   └── 04.jpg -> ../../../../data/images/106/4_2025_06_14.jpg
│   │   │   ├── 107-684dd7473b96f
│   │   │   │   ├── 01.jpg -> ../../../../data/images/107/1_2025_06_14.jpg
│   │   │   │   ├── 02.jpg -> ../../../../data/images/107/2_2025_06_14.jpg
│   │   │   │   ├── 03.jpg -> ../../../../data/images/107/3_2025_06_14.jpg
│   │   │   │   └── 04.jpg -> ../../../../data/images/107/4_2025_06_14.jpg
│   │   │   ├── 108-684dd8d591641
│   │   │   │   ├── 01.jpg -> ../../../../data/images/108/1_2025_06_14.jpg
│   │   │   │   ├── 02.jpg -> ../../../../data/images/108/2_2025_06_14.jpg
│   │   │   │   └── 03.jpg -> ../../../../data/images/108/3_2025_06_14.jpg
│   │   │   ├── 109-684e615f66491
│   │   │   │   ├── 01.jpg -> ../../../../data/images/109/1_2025_06_15.jpg
│   │   │   │   ├── 02.jpg -> ../../../../data/images/109/2_2025_06_15.jpg
│   │   │   │   └── 03.jpg -> ../../../../data/images/109/3_2025_06_15.jpg
│   │   │   ├── 10-cargoooo
│   │   │   │   ├── 01.jpg -> ../../../../data/images/10/1_2025_09_10.jpg
│   │   │   │   ├── 02.jpg -> ../../../../data/images/10/2_2025_09_10.jpg
│   │   │   │   ├── 03.jpg -> ../../../../data/images/10/3_2025_09_10.jpg
│   │   │   │   ├── 04.jpg -> ../../../../data/images/10/4_2025_09_10.jpg
│   │   │   │   ├── 05.jpg -> ../../../../data/images/10/5_2025_09_10.jpg
│   │   │   │   └── 06.jpg -> ../../../../data/images/10/6_2025_09_10.jpg
│   │   │   ├── 110-684e6307a7925
│   │   │   │   ├── 01.jpg -> ../../../../data/images/110/1_2025_06_15.jpg
│   │   │   │   ├── 02.jpg -> ../../../../data/images/110/2_2025_06_15.jpg
│   │   │   │   ├── 03.jpg -> ../../../../data/images/110/3_2025_06_15.jpg
│   │   │   │   └── 04.jpg -> ../../../../data/images/110/4_2025_06_15.jpg
│   │   │   ├── 111-684e67b36282b
│   │   │   │   ├── 01.jpg -> ../../../../data/images/111/1_2025_06_15.jpg
│   │   │   │   ├── 02.jpg -> ../../../../data/images/111/2_2025_06_15.jpg
│   │   │   │   ├── 03.jpg -> ../../../../data/images/111/3_2025_06_15.jpg
│   │   │   │   ├── 04.jpg -> ../../../../data/images/111/4_2025_06_15.jpg
│   │   │   │   └── 05.jpg -> ../../../../data/images/111/5_2025_06_15.jpg
│   │   │   ├── 112-684e6e536b845
│   │   │   │   ├── 01.jpg -> ../../../../data/images/112/1_2025_06_15.jpg
│   │   │   │   ├── 02.jpg -> ../../../../data/images/112/2_2025_06_15.jpg
│   │   │   │   ├── 03.jpg -> ../../../../data/images/112/3_2025_06_15.jpg
│   │   │   │   ├── 04.jpg -> ../../../../data/images/112/4_2025_06_15.jpg
│   │   │   │   └── 05.jpg -> ../../../../data/images/112/5_2025_06_15.jpg
│   │   │   ├── 113-684e6f6b14cf7
│   │   │   │   ├── 01.jpg -> ../../../../data/images/113/1_2025_06_15.jpg
│   │   │   │   ├── 02.jpg -> ../../../../data/images/113/2_2025_06_15.jpg
│   │   │   │   ├── 03.jpg -> ../../../../data/images/113/3_2025_06_15.jpg
│   │   │   │   ├── 04.jpg -> ../../../../data/images/113/4_2025_06_15.jpg
│   │   │   │   └── 05.jpg -> ../../../../data/images/113/5_2025_06_15.jpg
│   │   │   ├── 114-684e74176a32e
│   │   │   │   ├── 01.jpg -> ../../../../data/images/114/1_2025_06_15.jpg
│   │   │   │   ├── 02.jpg -> ../../../../data/images/114/2_2025_06_15.jpg
│   │   │   │   ├── 03.jpg -> ../../../../data/images/114/3_2025_06_15.jpg
│   │   │   │   ├── 04.jpg -> ../../../../data/images/114/4_2025_06_15.jpg
│   │   │   │   ├── 05.jpg -> ../../../../data/images/114/5_2025_06_15.jpg
│   │   │   │   └── 06.jpg -> ../../../../data/images/114/6_2025_06_15.jpg
│   │   │   ├── 115-684e765e7df39
│   │   │   │   ├── 01.jpg -> ../../../../data/images/115/1_2025_06_15.jpg
│   │   │   │   ├── 02.jpg -> ../../../../data/images/115/2_2025_06_15.jpg
│   │   │   │   ├── 03.jpg -> ../../../../data/images/115/3_2025_06_15.jpg
│   │   │   │   └── 04.jpg -> ../../../../data/images/115/4_2025_06_15.jpg
│   │   │   ├── 116-684e7b01176ff
│   │   │   │   ├── 01.jpg -> ../../../../data/images/116/1_2025_06_15.jpg
│   │   │   │   ├── 02.jpg -> ../../../../data/images/116/2_2025_06_15.jpg
│   │   │   │   ├── 03.jpg -> ../../../../data/images/116/3_2025_06_15.jpg
│   │   │   │   └── 04.jpg -> ../../../../data/images/116/4_2025_06_15.jpg
│   │   │   ├── 117-684e7bc254c79
│   │   │   │   ├── 01.jpg -> ../../../../data/images/117/1_2025_06_15.jpg
│   │   │   │   ├── 02.jpg -> ../../../../data/images/117/2_2025_06_15.jpg
│   │   │   │   ├── 03.jpg -> ../../../../data/images/117/3_2025_06_15.jpg
│   │   │   │   └── 04.jpg -> ../../../../data/images/117/4_2025_06_15.jpg
│   │   │   ├── 118-684e814c2087a
│   │   │   │   ├── 01.jpg -> ../../../../data/images/118/1_2025_06_15.jpg
│   │   │   │   ├── 02.jpg -> ../../../../data/images/118/2_2025_06_15.jpg
│   │   │   │   ├── 03.jpg -> ../../../../data/images/118/3_2025_06_15.jpg
│   │   │   │   └── 04.jpg -> ../../../../data/images/118/4_2025_06_15.jpg
│   │   │   ├── 119-684e869269407
│   │   │   │   ├── 01.jpg -> ../../../../data/images/119/1_2025_10_23.jpg
│   │   │   │   ├── 02.jpg -> ../../../../data/images/119/2_2025_10_23.jpg
│   │   │   │   ├── 03.jpg -> ../../../../data/images/119/3_2025_10_23.jpg
│   │   │   │   └── 04.jpg -> ../../../../data/images/119/4_2025_10_23.jpg
│   │   │   ├── 11-basiccc
│   │   │   │   ├── 01.jpg -> ../../../../data/images/11/1_2024_09_07.jpg
│   │   │   │   ├── 02.jpg -> ../../../../data/images/11/2_2024_09_07.jpg
│   │   │   │   ├── 03.jpg -> ../../../../data/images/11/3_2024_09_07.jpg
│   │   │   │   └── 04.jpg -> ../../../../data/images/11/4_2024_09_07.jpg
│   │   │   ├── 120-684e8af68a65d
│   │   │   │   ├── 01.jpg -> ../../../../data/images/120/1_2025_06_15.jpg
│   │   │   │   ├── 02.jpg -> ../../../../data/images/120/2_2025_06_15.jpg
│   │   │   │   └── 03.jpg -> ../../../../data/images/120/3_2025_06_15.jpg
│   │   │   ├── 121-684e8c45a3115
│   │   │   │   ├── 01.jpg -> ../../../../data/images/121/1_2025_06_15.jpg
│   │   │   │   ├── 02.jpg -> ../../../../data/images/121/2_2025_06_15.jpg
│   │   │   │   ├── 03.jpg -> ../../../../data/images/121/3_2025_06_15.jpg
│   │   │   │   └── 04.jpg -> ../../../../data/images/121/4_2025_06_15.jpg
│   │   │   ├── 122-684e99c3b029c
│   │   │   │   ├── 01.jpg -> ../../../../data/images/122/1_2025_06_15.jpg
│   │   │   │   ├── 02.jpg -> ../../../../data/images/122/2_2025_06_15.jpg
│   │   │   │   └── 03.jpg -> ../../../../data/images/122/3_2025_06_15.jpg
│   │   │   ├── 123-684e9bbf0ef42
│   │   │   │   ├── 01.jpg -> ../../../../data/images/123/1_2025_06_15.jpg
│   │   │   │   ├── 02.jpg -> ../../../../data/images/123/2_2025_06_15.jpg
│   │   │   │   └── 03.jpg -> ../../../../data/images/123/3_2025_06_15.jpg
│   │   │   ├── 124-684ea8e44b612
│   │   │   │   ├── 01.jpg -> ../../../../data/images/124/1_2025_06_15.jpg
│   │   │   │   ├── 02.jpg -> ../../../../data/images/124/2_2025_06_15.jpg
│   │   │   │   ├── 03.jpg -> ../../../../data/images/124/3_2025_06_15.jpg
│   │   │   │   └── 04.jpg -> ../../../../data/images/124/4_2025_06_15.jpg
│   │   │   ├── 125-684eab461c749
│   │   │   │   ├── 01.jpg -> ../../../../data/images/125/1_2025_06_15.jpg
│   │   │   │   ├── 02.jpg -> ../../../../data/images/125/2_2025_06_15.jpg
│   │   │   │   ├── 03.jpg -> ../../../../data/images/125/3_2025_06_15.jpg
│   │   │   │   └── 04.jpg -> ../../../../data/images/125/4_2025_06_15.jpg
│   │   │   ├── 126-684eaeed7faaf
│   │   │   │   ├── 01.jpg -> ../../../../data/images/126/1_2025_06_15.jpg
│   │   │   │   ├── 02.jpg -> ../../../../data/images/126/2_2025_06_15.jpg
│   │   │   │   ├── 03.jpg -> ../../../../data/images/126/3_2025_06_15.jpg
│   │   │   │   ├── 04.jpg -> ../../../../data/images/126/4_2025_06_15.jpg
│   │   │   │   └── 05.jpg -> ../../../../data/images/126/5_2025_06_15.jpg
│   │   │   ├── 127-684ed8e22f73c
│   │   │   │   ├── 01.jpg -> ../../../../data/images/127/1_2025_06_15.jpg
│   │   │   │   ├── 02.jpg -> ../../../../data/images/127/2_2025_06_15.jpg
│   │   │   │   └── 03.jpg -> ../../../../data/images/127/3_2025_06_15.jpg
│   │   │   ├── 128-684ee38d183f7
│   │   │   │   ├── 01.jpg -> ../../../../data/images/128/1_2025_06_15.jpg
│   │   │   │   ├── 02.jpg -> ../../../../data/images/128/2_2025_06_15.jpg
│   │   │   │   ├── 03.jpg -> ../../../../data/images/128/3_2025_06_15.jpg
│   │   │   │   └── 04.jpg -> ../../../../data/images/128/4_2025_06_15.jpg
│   │   │   ├── 129-684ee4ff78539
│   │   │   │   └── 01.jpg -> ../../../../data/images/129/1_2025_08_20.jpg
│   │   │   ├── 12-tt-shirt
│   │   │   │   ├── 01.jpg -> ../../../../data/images/12/1_2025_03_14.jpg
│   │   │   │   ├── 02.jpg -> ../../../../data/images/12/2_2025_03_14.jpg
│   │   │   │   ├── 03.jpg -> ../../../../data/images/12/3_2025_03_14.jpg
│   │   │   │   └── 04.jpg -> ../../../../data/images/12/4_2025_03_14.jpg
│   │   │   ├── 130-68500873c08e6
│   │   │   │   ├── 01.jpg -> ../../../../data/images/130/1_2025_06_16.jpg
│   │   │   │   ├── 02.jpg -> ../../../../data/images/130/2_2025_06_16.jpg
│   │   │   │   ├── 03.jpg -> ../../../../data/images/130/3_2025_06_16.jpg
│   │   │   │   └── 04.jpg -> ../../../../data/images/130/4_2025_06_16.jpg
│   │   │   ├── 131-6850099d4e3cd
│   │   │   │   ├── 01.jpg -> ../../../../data/images/131/1_2025_06_16.jpg
│   │   │   │   ├── 02.jpg -> ../../../../data/images/131/2_2025_06_16.jpg
│   │   │   │   └── 03.jpg -> ../../../../data/images/131/3_2025_06_16.jpg
│   │   │   ├── 132-68500b0f49cca
│   │   │   │   ├── 01.jpg -> ../../../../data/images/132/1_2025_06_16.jpg
│   │   │   │   ├── 02.jpg -> ../../../../data/images/132/2_2025_06_16.jpg
│   │   │   │   └── 03.jpg -> ../../../../data/images/132/3_2025_06_16.jpg
│   │   │   ├── 133-68500bed00841
│   │   │   │   ├── 01.jpg -> ../../../../data/images/133/1_2025_06_16.jpg
│   │   │   │   ├── 02.jpg -> ../../../../data/images/133/2_2025_06_16.jpg
│   │   │   │   ├── 03.jpg -> ../../../../data/images/133/3_2025_06_16.jpg
│   │   │   │   └── 04.jpg -> ../../../../data/images/133/4_2025_06_16.jpg
│   │   │   ├── 134-68500d3e8b5ff
│   │   │   │   ├── 01.jpg -> ../../../../data/images/134/1_2025_06_16.jpg
│   │   │   │   ├── 02.jpg -> ../../../../data/images/134/2_2025_06_16.jpg
│   │   │   │   └── 03.jpg -> ../../../../data/images/134/3_2025_06_16.jpg
│   │   │   ├── 135-6850100ead84c
│   │   │   │   ├── 01.jpg -> ../../../../data/images/135/1_2025_06_16.jpg
│   │   │   │   ├── 02.jpg -> ../../../../data/images/135/2_2025_06_16.jpg
│   │   │   │   └── 03.jpg -> ../../../../data/images/135/3_2025_06_16.jpg
│   │   │   ├── 136-685cdc66eb712
│   │   │   │   ├── 01.jpg -> ../../../../data/images/136/1_2025_06_26.jpg
│   │   │   │   ├── 02.jpg -> ../../../../data/images/136/2_2025_06_26.jpg
│   │   │   │   └── 03.jpg -> ../../../../data/images/136/3_2025_06_26.jpg
│   │   │   ├── 137-68df5f9ab9af1
│   │   │   │   ├── 01.jpg -> ../../../../data/images/137/1_2025_10_03.jpg
│   │   │   │   ├── 02.jpg -> ../../../../data/images/137/2_2025_10_03.jpg
│   │   │   │   └── 03.jpg -> ../../../../data/images/137/3_2025_10_03.jpg
│   │   │   ├── 138-68df62df9e7b8
│   │   │   │   ├── 01.jpg -> ../../../../data/images/138/1_2025_10_03.jpg
│   │   │   │   ├── 02.jpg -> ../../../../data/images/138/2_2025_10_03.jpg
│   │   │   │   ├── 03.jpg -> ../../../../data/images/138/3_2025_10_03.jpg
│   │   │   │   └── 04.jpg -> ../../../../data/images/138/4_2025_10_03.jpg
│   │   │   ├── 139-68df6439ca6e2
│   │   │   │   ├── 01.jpg -> ../../../../data/images/139/1_2025_10_03.jpg
│   │   │   │   ├── 02.jpg -> ../../../../data/images/139/2_2025_10_03.jpg
│   │   │   │   └── 03.jpg -> ../../../../data/images/139/3_2025_10_03.jpg
│   │   │   ├── 13-ip-englisi
│   │   │   │   ├── 01.jpg -> ../../../../data/images/13/1_2024_09_07.jpg
│   │   │   │   ├── 02.jpg -> ../../../../data/images/13/2_2024_09_07.jpg
│   │   │   │   └── 03.jpg -> ../../../../data/images/13/3_2024_09_07.jpg
│   │   │   ├── 140-68df6569e40d3
│   │   │   │   ├── 01.jpg -> ../../../../data/images/140/1_2025_10_03.jpg
│   │   │   │   ├── 02.jpg -> ../../../../data/images/140/2_2025_10_03.jpg
│   │   │   │   ├── 03.jpg -> ../../../../data/images/140/3_2025_10_03.jpg
│   │   │   │   └── 04.jpg -> ../../../../data/images/140/4_2025_10_03.jpg
│   │   │   ├── 141-68df66bec717b
│   │   │   │   ├── 01.jpg -> ../../../../data/images/141/1_2025_10_03.jpg
│   │   │   │   ├── 02.jpg -> ../../../../data/images/141/2_2025_10_03.jpg
│   │   │   │   ├── 03.jpg -> ../../../../data/images/141/3_2025_10_03.jpg
│   │   │   │   └── 04.jpg -> ../../../../data/images/141/4_2025_10_03.jpg
│   │   │   ├── 142-68df693d45e40
│   │   │   │   ├── 01.jpg -> ../../../../data/images/142/1_2025_10_03.jpg
│   │   │   │   ├── 02.jpg -> ../../../../data/images/142/2_2025_10_03.jpg
│   │   │   │   └── 03.jpg -> ../../../../data/images/142/3_2025_10_03.jpg
│   │   │   ├── 143-68df71ad1d24b
│   │   │   │   ├── 01.jpg -> ../../../../data/images/143/1_2025_10_05.jpg
│   │   │   │   ├── 02.jpg -> ../../../../data/images/143/2_2025_10_05.jpg
│   │   │   │   └── 03.jpg -> ../../../../data/images/143/3_2025_10_05.jpg
│   │   │   ├── 145-68df75a80d36a
│   │   │   │   ├── 01.jpg -> ../../../../data/images/145/1_2025_10_03.jpg
│   │   │   │   ├── 02.jpg -> ../../../../data/images/145/2_2025_10_03.jpg
│   │   │   │   └── 03.jpg -> ../../../../data/images/145/3_2025_10_03.jpg
│   │   │   ├── 146-68df767e6bcbe
│   │   │   │   ├── 01.jpg -> ../../../../data/images/146/1_2025_10_03.jpg
│   │   │   │   ├── 02.jpg -> ../../../../data/images/146/2_2025_10_03.jpg
│   │   │   │   ├── 03.jpg -> ../../../../data/images/146/3_2025_10_03.jpg
│   │   │   │   └── 04.jpg -> ../../../../data/images/146/4_2025_10_03.jpg
│   │   │   ├── 147-68df78a4c078c
│   │   │   │   ├── 01.jpg -> ../../../../data/images/147/1_2025_10_03.jpg
│   │   │   │   ├── 02.jpg -> ../../../../data/images/147/2_2025_10_03.jpg
│   │   │   │   ├── 03.jpg -> ../../../../data/images/147/3_2025_10_03.jpg
│   │   │   │   └── 04.jpg -> ../../../../data/images/147/4_2025_10_03.jpg
│   │   │   ├── 148-68df7972a4684
│   │   │   │   ├── 01.jpg -> ../../../../data/images/148/1_2025_10_03.jpg
│   │   │   │   ├── 02.jpg -> ../../../../data/images/148/2_2025_10_03.jpg
│   │   │   │   ├── 03.jpg -> ../../../../data/images/148/3_2025_10_03.jpg
│   │   │   │   └── 04.jpg -> ../../../../data/images/148/4_2025_10_03.jpg
│   │   │   ├── 149-68df7aed24202
│   │   │   │   ├── 01.jpg -> ../../../../data/images/149/1_2025_10_03.jpg
│   │   │   │   ├── 02.jpg -> ../../../../data/images/149/2_2025_10_03.jpg
│   │   │   │   └── 03.jpg -> ../../../../data/images/149/3_2025_10_03.jpg
│   │   │   ├── 14-nbag-linen
│   │   │   │   ├── 01.jpg -> ../../../../data/images/14/1_2024_03_03.jpg
│   │   │   │   ├── 02.jpg -> ../../../../data/images/14/2_2024_03_03.jpg
│   │   │   │   ├── 03.jpg -> ../../../../data/images/14/3_2024_03_03.jpg
│   │   │   │   └── 04.jpg -> ../../../../data/images/14/4_2024_03_03.jpg
│   │   │   ├── 150-68dfc2fec936b
│   │   │   │   ├── 01.jpg -> ../../../../data/images/150/1_2025_10_03.jpg
│   │   │   │   ├── 02.jpg -> ../../../../data/images/150/2_2025_10_03.jpg
│   │   │   │   ├── 03.jpg -> ../../../../data/images/150/3_2025_10_03.jpg
│   │   │   │   └── 04.jpg -> ../../../../data/images/150/4_2025_10_03.jpg
│   │   │   ├── 151-68dfc56f6314c
│   │   │   │   ├── 01.jpg -> ../../../../data/images/151/1_2025_10_03.jpg
│   │   │   │   ├── 02.jpg -> ../../../../data/images/151/2_2025_10_03.jpg
│   │   │   │   ├── 03.jpg -> ../../../../data/images/151/3_2025_10_03.jpg
│   │   │   │   └── 04.jpg -> ../../../../data/images/151/4_2025_10_03.jpg
│   │   │   ├── 152-68dfc6aa8c5aa
│   │   │   │   ├── 01.jpg -> ../../../../data/images/152/1_2025_10_03.jpg
│   │   │   │   ├── 02.jpg -> ../../../../data/images/152/2_2025_10_03.jpg
│   │   │   │   ├── 03.jpg -> ../../../../data/images/152/3_2025_10_03.jpg
│   │   │   │   ├── 04.jpg -> ../../../../data/images/152/4_2025_10_03.jpg
│   │   │   │   └── 05.jpg -> ../../../../data/images/152/5_2025_10_03.jpg
│   │   │   ├── 153-68dfcab602850
│   │   │   │   ├── 01.jpg -> ../../../../data/images/153/1_2025_10_04.jpg
│   │   │   │   ├── 02.jpg -> ../../../../data/images/153/2_2025_10_04.jpg
│   │   │   │   └── 03.jpg -> ../../../../data/images/153/3_2025_10_04.jpg
│   │   │   ├── 154-68dffc24b54ce
│   │   │   │   ├── 01.jpg -> ../../../../data/images/154/1_2025_10_04.jpg
│   │   │   │   ├── 02.jpg -> ../../../../data/images/154/2_2025_10_04.jpg
│   │   │   │   ├── 03.jpg -> ../../../../data/images/154/3_2025_10_04.jpg
│   │   │   │   └── 04.jpg -> ../../../../data/images/154/4_2025_10_04.jpg
│   │   │   ├── 155-68dffd18c05a3
│   │   │   │   ├── 01.jpg -> ../../../../data/images/155/1_2025_10_04.jpg
│   │   │   │   ├── 02.jpg -> ../../../../data/images/155/2_2025_10_04.jpg
│   │   │   │   └── 03.jpg -> ../../../../data/images/155/3_2025_10_04.jpg
│   │   │   ├── 156-68dffdcf6b734
│   │   │   │   ├── 01.jpg -> ../../../../data/images/156/1_2025_10_04.jpg
│   │   │   │   ├── 02.jpg -> ../../../../data/images/156/2_2025_10_04.jpg
│   │   │   │   ├── 03.jpg -> ../../../../data/images/156/3_2025_10_04.jpg
│   │   │   │   └── 04.jpg -> ../../../../data/images/156/4_2025_10_04.jpg
│   │   │   ├── 157-68dfff6d3e9b3
│   │   │   │   ├── 01.jpg -> ../../../../data/images/157/1_2025_10_11.jpg
│   │   │   │   ├── 02.jpg -> ../../../../data/images/157/2_2025_10_11.jpg
│   │   │   │   └── 03.jpg -> ../../../../data/images/157/3_2025_10_11.jpg
│   │   │   ├── 158-68e00339b86b3
│   │   │   │   ├── 01.jpg -> ../../../../data/images/158/1_2025_10_11.jpg
│   │   │   │   ├── 02.jpg -> ../../../../data/images/158/2_2025_10_11.jpg
│   │   │   │   ├── 03.jpg -> ../../../../data/images/158/3_2025_10_11.jpg
│   │   │   │   └── 04.jpg -> ../../../../data/images/158/4_2025_10_11.jpg
│   │   │   ├── 159-68e00c08169b2
│   │   │   │   ├── 01.jpg -> ../../../../data/images/159/1_2025_10_11.jpg
│   │   │   │   ├── 02.jpg -> ../../../../data/images/159/2_2025_10_11.jpg
│   │   │   │   ├── 03.jpg -> ../../../../data/images/159/3_2025_10_11.jpg
│   │   │   │   └── 04.jpg -> ../../../../data/images/159/4_2025_10_11.jpg
│   │   │   ├── 15-llinen-coat
│   │   │   │   ├── 01.jpg -> ../../../../data/images/15/1_2025_10_23.jpg
│   │   │   │   ├── 02.jpg -> ../../../../data/images/15/2_2025_10_23.jpg
│   │   │   │   ├── 03.jpg -> ../../../../data/images/15/3_2025_10_23.jpg
│   │   │   │   ├── 04.jpg -> ../../../../data/images/15/4_2025_10_23.jpg
│   │   │   │   └── 05.jpg -> ../../../../data/images/15/5_2025_10_23.jpg
│   │   │   ├── 160-68e00ee21fef7
│   │   │   │   ├── 01.jpg -> ../../../../data/images/160/1_2025_10_03.jpg
│   │   │   │   ├── 02.jpg -> ../../../../data/images/160/2_2025_10_03.jpg
│   │   │   │   ├── 03.jpg -> ../../../../data/images/160/3_2025_10_03.jpg
│   │   │   │   └── 04.jpg -> ../../../../data/images/160/4_2025_10_03.jpg
│   │   │   ├── 161-68e0105744480
│   │   │   │   ├── 01.jpg -> ../../../../data/images/161/1_2025_10_03.jpg
│   │   │   │   ├── 02.jpg -> ../../../../data/images/161/2_2025_10_03.jpg
│   │   │   │   ├── 03.jpg -> ../../../../data/images/161/3_2025_10_03.jpg
│   │   │   │   └── 04.jpg -> ../../../../data/images/161/4_2025_10_03.jpg
│   │   │   ├── 162-68e0110668b0f
│   │   │   │   ├── 01.jpg -> ../../../../data/images/162/1_2025_10_04.jpg
│   │   │   │   ├── 02.jpg -> ../../../../data/images/162/2_2025_10_04.jpg
│   │   │   │   ├── 03.jpg -> ../../../../data/images/162/3_2025_10_04.jpg
│   │   │   │   └── 04.jpg -> ../../../../data/images/162/4_2025_10_04.jpg
│   │   │   ├── 163-68e011d00efe3
│   │   │   │   ├── 01.jpg -> ../../../../data/images/163/1_2025_10_04.jpg
│   │   │   │   ├── 02.jpg -> ../../../../data/images/163/2_2025_10_04.jpg
│   │   │   │   ├── 03.jpg -> ../../../../data/images/163/3_2025_10_04.jpg
│   │   │   │   └── 04.jpg -> ../../../../data/images/163/4_2025_10_04.jpg
│   │   │   ├── 164-68e0123fed3e2
│   │   │   │   ├── 01.jpg -> ../../../../data/images/164/1_2025_10_03.jpg
│   │   │   │   ├── 02.jpg -> ../../../../data/images/164/2_2025_10_03.jpg
│   │   │   │   └── 03.jpg -> ../../../../data/images/164/3_2025_10_03.jpg
│   │   │   ├── 165-68e012f682232
│   │   │   │   ├── 01.jpg -> ../../../../data/images/165/1_2025_10_04.jpg
│   │   │   │   ├── 02.jpg -> ../../../../data/images/165/2_2025_10_04.jpg
│   │   │   │   └── 03.jpg -> ../../../../data/images/165/3_2025_10_04.jpg
│   │   │   ├── 166-68e0136d41e0d
│   │   │   │   ├── 01.jpg -> ../../../../data/images/166/1_2025_10_03.jpg
│   │   │   │   ├── 02.jpg -> ../../../../data/images/166/2_2025_10_03.jpg
│   │   │   │   ├── 03.jpg -> ../../../../data/images/166/3_2025_10_03.jpg
│   │   │   │   └── 04.jpg -> ../../../../data/images/166/4_2025_10_03.jpg
│   │   │   ├── 167-68e01521b0cc8
│   │   │   │   ├── 01.jpg -> ../../../../data/images/167/1_2025_10_04.jpg
│   │   │   │   ├── 02.jpg -> ../../../../data/images/167/2_2025_10_04.jpg
│   │   │   │   ├── 03.jpg -> ../../../../data/images/167/3_2025_10_04.jpg
│   │   │   │   └── 04.jpg -> ../../../../data/images/167/4_2025_10_04.jpg
│   │   │   ├── 168-68e0157d48099
│   │   │   │   ├── 01.jpg -> ../../../../data/images/168/1_2025_10_03.jpg
│   │   │   │   ├── 02.jpg -> ../../../../data/images/168/2_2025_10_03.jpg
│   │   │   │   ├── 03.jpg -> ../../../../data/images/168/3_2025_10_03.jpg
│   │   │   │   ├── 04.jpg -> ../../../../data/images/168/4_2025_10_03.jpg
│   │   │   │   └── 05.jpg -> ../../../../data/images/168/5_2025_10_03.jpg
│   │   │   ├── 169-68e0184f64010
│   │   │   │   ├── 01.jpg -> ../../../../data/images/169/1_2025_10_03.jpg
│   │   │   │   ├── 02.jpg -> ../../../../data/images/169/2_2025_10_03.jpg
│   │   │   │   └── 03.jpg -> ../../../../data/images/169/3_2025_10_03.jpg
│   │   │   ├── 16-pp-mazerati
│   │   │   │   ├── 01.jpg -> ../../../../data/images/16/1_2025_03_02.jpg
│   │   │   │   ├── 02.jpg -> ../../../../data/images/16/2_2025_03_02.jpg
│   │   │   │   ├── 03.jpg -> ../../../../data/images/16/3_2025_03_02.jpg
│   │   │   │   ├── 04.jpg -> ../../../../data/images/16/4_2025_03_02.jpg
│   │   │   │   ├── 05.jpg -> ../../../../data/images/16/5_2025_03_02.jpg
│   │   │   │   ├── 06.jpg -> ../../../../data/images/16/6_2025_03_02.jpg
│   │   │   │   ├── 07.jpg -> ../../../../data/images/16/7_2025_03_02.jpg
│   │   │   │   ├── 08.jpg -> ../../../../data/images/16/8_2025_03_02.jpg
│   │   │   │   ├── 09.jpg -> ../../../../data/images/16/9_2025_03_02.jpg
│   │   │   │   └── 10.jpg -> ../../../../data/images/16/10_2025_03_02.jpg
│   │   │   ├── 170-68e0213dae6cb
│   │   │   │   ├── 01.jpg -> ../../../../data/images/170/1_2025_10_11.jpg
│   │   │   │   ├── 02.jpg -> ../../../../data/images/170/2_2025_10_11.jpg
│   │   │   │   ├── 03.jpg -> ../../../../data/images/170/3_2025_10_11.jpg
│   │   │   │   └── 04.jpg -> ../../../../data/images/170/4_2025_10_11.jpg
│   │   │   ├── 171-68e0238f35d28
│   │   │   │   ├── 01.jpg -> ../../../../data/images/171/1_2025_10_11.jpg
│   │   │   │   ├── 02.jpg -> ../../../../data/images/171/2_2025_10_11.jpg
│   │   │   │   ├── 03.jpg -> ../../../../data/images/171/3_2025_10_11.jpg
│   │   │   │   └── 04.jpg -> ../../../../data/images/171/4_2025_10_11.jpg
│   │   │   ├── 172-68e17b7e0b10a
│   │   │   │   ├── 01.jpg -> ../../../../data/images/172/1_2025_10_04.jpg
│   │   │   │   ├── 02.jpg -> ../../../../data/images/172/2_2025_10_04.jpg
│   │   │   │   └── 03.jpg -> ../../../../data/images/172/3_2025_10_04.jpg
│   │   │   ├── 173-68e17df38c6f0
│   │   │   │   ├── 01.jpg -> ../../../../data/images/173/1_2025_10_04.jpg
│   │   │   │   ├── 02.jpg -> ../../../../data/images/173/2_2025_10_04.jpg
│   │   │   │   └── 03.jpg -> ../../../../data/images/173/3_2025_10_04.jpg
│   │   │   ├── 174-68e180442d06c
│   │   │   │   ├── 01.jpg -> ../../../../data/images/174/1_2025_10_04.jpg
│   │   │   │   ├── 02.jpg -> ../../../../data/images/174/2_2025_10_04.jpg
│   │   │   │   └── 03.jpg -> ../../../../data/images/174/3_2025_10_04.jpg
│   │   │   ├── 175-68e180b35d6e0
│   │   │   │   ├── 01.jpg -> ../../../../data/images/175/1_2025_10_04.jpg
│   │   │   │   ├── 02.jpg -> ../../../../data/images/175/2_2025_10_04.jpg
│   │   │   │   └── 03.jpg -> ../../../../data/images/175/3_2025_10_04.jpg
│   │   │   ├── 176-68e181b612242
│   │   │   │   ├── 01.jpg -> ../../../../data/images/176/1_2025_10_05.jpg
│   │   │   │   ├── 02.jpg -> ../../../../data/images/176/2_2025_10_05.jpg
│   │   │   │   └── 03.jpg -> ../../../../data/images/176/3_2025_10_05.jpg
│   │   │   ├── 177-68e18b0904c57
│   │   │   │   ├── 01.jpg -> ../../../../data/images/177/1_2025_10_11.jpg
│   │   │   │   ├── 02.jpg -> ../../../../data/images/177/2_2025_10_11.jpg
│   │   │   │   └── 03.jpg -> ../../../../data/images/177/3_2025_10_11.jpg
│   │   │   ├── 178-68e18c85d086a
│   │   │   │   ├── 01.jpg -> ../../../../data/images/178/1_2025_10_11.jpg
│   │   │   │   ├── 02.jpg -> ../../../../data/images/178/2_2025_10_11.jpg
│   │   │   │   └── 03.jpg -> ../../../../data/images/178/3_2025_10_11.jpg
│   │   │   ├── 179-68e18e802d80f
│   │   │   │   ├── 01.jpg -> ../../../../data/images/179/1_2025_10_05.jpg
│   │   │   │   ├── 02.jpg -> ../../../../data/images/179/2_2025_10_05.jpg
│   │   │   │   └── 03.jpg -> ../../../../data/images/179/3_2025_10_05.jpg
│   │   │   ├── 17-piran
│   │   │   │   ├── 01.jpg -> ../../../../data/images/17/1_2025_10_23.jpg
│   │   │   │   ├── 02.jpg -> ../../../../data/images/17/2_2025_10_23.jpg
│   │   │   │   └── 03.jpg -> ../../../../data/images/17/3_2025_10_23.jpg
│   │   │   ├── 180-68e18f9cb0388
│   │   │   │   ├── 01.jpg -> ../../../../data/images/180/1_2025_10_05.jpg
│   │   │   │   ├── 02.jpg -> ../../../../data/images/180/2_2025_10_05.jpg
│   │   │   │   └── 03.jpg -> ../../../../data/images/180/3_2025_10_05.jpg
│   │   │   ├── 181-68e1902bae177
│   │   │   │   ├── 01.jpg -> ../../../../data/images/181/1_2025_10_11.jpg
│   │   │   │   ├── 02.jpg -> ../../../../data/images/181/2_2025_10_11.jpg
│   │   │   │   └── 03.jpg -> ../../../../data/images/181/3_2025_10_11.jpg
│   │   │   ├── 182-68e196d5c5bbe
│   │   │   │   ├── 01.jpg -> ../../../../data/images/182/1_2025_10_05.jpg
│   │   │   │   ├── 02.jpg -> ../../../../data/images/182/2_2025_10_05.jpg
│   │   │   │   └── 03.jpg -> ../../../../data/images/182/3_2025_10_05.jpg
│   │   │   ├── 183-68e1985f69ff1
│   │   │   │   ├── 01.jpg -> ../../../../data/images/183/1_2025_10_05.jpg
│   │   │   │   ├── 02.jpg -> ../../../../data/images/183/2_2025_10_05.jpg
│   │   │   │   └── 03.jpg -> ../../../../data/images/183/3_2025_10_05.jpg
│   │   │   ├── 184-68e19a8233619
│   │   │   │   ├── 01.jpg -> ../../../../data/images/184/1_2025_10_05.jpg
│   │   │   │   ├── 02.jpg -> ../../../../data/images/184/2_2025_10_05.jpg
│   │   │   │   └── 03.jpg -> ../../../../data/images/184/3_2025_10_05.jpg
│   │   │   ├── 185-68e19d1178558
│   │   │   │   ├── 01.jpg -> ../../../../data/images/185/1_2025_10_05.jpg
│   │   │   │   ├── 02.jpg -> ../../../../data/images/185/2_2025_10_05.jpg
│   │   │   │   └── 03.jpg -> ../../../../data/images/185/3_2025_10_05.jpg
│   │   │   ├── 186-68e19ea256e49
│   │   │   │   ├── 01.jpg -> ../../../../data/images/186/1_2025_10_05.jpg
│   │   │   │   ├── 02.jpg -> ../../../../data/images/186/2_2025_10_05.jpg
│   │   │   │   └── 03.jpg -> ../../../../data/images/186/3_2025_10_05.jpg
│   │   │   ├── 187-68e1a04d75ca0
│   │   │   │   ├── 01.jpg -> ../../../../data/images/187/1_2025_10_05.jpg
│   │   │   │   ├── 02.jpg -> ../../../../data/images/187/2_2025_10_05.jpg
│   │   │   │   └── 03.jpg -> ../../../../data/images/187/3_2025_10_05.jpg
│   │   │   ├── 188-68e20cfd3c465
│   │   │   │   ├── 01.jpg -> ../../../../data/images/188/1_2025_10_05.jpg
│   │   │   │   ├── 02.jpg -> ../../../../data/images/188/2_2025_10_05.jpg
│   │   │   │   └── 03.jpg -> ../../../../data/images/188/3_2025_10_05.jpg
│   │   │   ├── 189-68e20e23d24ed
│   │   │   │   ├── 01.jpg -> ../../../../data/images/189/1_2025_10_05.jpg
│   │   │   │   ├── 02.jpg -> ../../../../data/images/189/2_2025_10_05.jpg
│   │   │   │   └── 03.jpg -> ../../../../data/images/189/3_2025_10_05.jpg
│   │   │   ├── 18-vessst
│   │   │   │   ├── 01.jpg -> ../../../../data/images/18/1_2024_04_03.jpg
│   │   │   │   ├── 02.jpg -> ../../../../data/images/18/2_2024_04_03.jpg
│   │   │   │   └── 03.jpg -> ../../../../data/images/18/3_2024_04_03.jpg
│   │   │   ├── 190-68e22ba74c44e
│   │   │   │   ├── 01.jpg -> ../../../../data/images/190/1_2025_10_13.jpg
│   │   │   │   ├── 02.jpg -> ../../../../data/images/190/2_2025_10_13.jpg
│   │   │   │   ├── 03.jpg -> ../../../../data/images/190/3_2025_10_13.jpg
│   │   │   │   ├── 04.jpg -> ../../../../data/images/190/4_2025_10_13.jpg
│   │   │   │   ├── 05.jpg -> ../../../../data/images/190/5_2025_10_13.jpg
│   │   │   │   ├── 06.jpg -> ../../../../data/images/190/6_2025_10_13.jpg
│   │   │   │   ├── 07.jpg -> ../../../../data/images/190/7_2025_10_13.jpg
│   │   │   │   ├── 08.jpg -> ../../../../data/images/190/8_2025_10_13.jpg
│   │   │   │   ├── 09.jpg -> ../../../../data/images/190/9_2025_10_13.jpg
│   │   │   │   ├── 10.jpg -> ../../../../data/images/190/10_2025_10_13.jpg
│   │   │   │   ├── 11.jpg -> ../../../../data/images/190/11_2025_10_13.jpg
│   │   │   │   ├── 12.jpg -> ../../../../data/images/190/12_2025_10_13.jpg
│   │   │   │   └── 13.jpg -> ../../../../data/images/190/13_2025_10_13.jpg
│   │   │   ├── 191-68e22e7cac5f4
│   │   │   │   ├── 01.jpg -> ../../../../data/images/191/1_2025_10_05.jpg
│   │   │   │   ├── 02.jpg -> ../../../../data/images/191/2_2025_10_05.jpg
│   │   │   │   └── 03.jpg -> ../../../../data/images/191/3_2025_10_05.jpg
│   │   │   ├── 20-shalvarakkk
│   │   │   │   ├── 01.jpg -> ../../../../data/images/20/1_2025_08_30.jpg
│   │   │   │   └── 02.jpg -> ../../../../data/images/20/2_2025_08_30.jpg
│   │   │   ├── 21-product
│   │   │   │   ├── 01.jpg -> ../../../../data/images/21/1_2024_12_02.jpg
│   │   │   │   ├── 02.jpg -> ../../../../data/images/21/2_2024_12_02.jpg
│   │   │   │   ├── 03.jpg -> ../../../../data/images/21/3_2024_12_02.jpg
│   │   │   │   ├── 04.jpg -> ../../../../data/images/21/4_2024_12_02.jpg
│   │   │   │   ├── 05.jpg -> ../../../../data/images/21/5_2024_12_02.jpg
│   │   │   │   ├── 06.jpg -> ../../../../data/images/21/6_2024_12_02.jpg
│   │   │   │   └── 07.jpg -> ../../../../data/images/21/7_2024_12_02.jpg
│   │   │   ├── 25-6692a6ac2ce70
│   │   │   │   ├── 01.jpg -> ../../../../data/images/25/1_2024_07_13.jpg
│   │   │   │   ├── 02.jpg -> ../../../../data/images/25/2_2024_07_13.jpg
│   │   │   │   └── 03.jpg -> ../../../../data/images/25/3_2024_07_13.jpg
│   │   │   ├── 26-669796ae1615e
│   │   │   │   ├── 01.jpg -> ../../../../data/images/26/1_2024_07_17.jpg
│   │   │   │   └── 02.jpg -> ../../../../data/images/26/2_2024_07_17.jpg
│   │   │   ├── 27-669cd3e9a3855
│   │   │   │   ├── 01.jpg -> ../../../../data/images/27/1_2024_12_18.jpg
│   │   │   │   ├── 02.jpg -> ../../../../data/images/27/2_2024_12_18.jpg
│   │   │   │   ├── 03.jpg -> ../../../../data/images/27/3_2024_12_18.jpg
│   │   │   │   └── 04.jpg -> ../../../../data/images/27/4_2024_12_18.jpg
│   │   │   ├── 28-66a227dface75
│   │   │   │   ├── 01.jpg -> ../../../../data/images/28/1_2024_07_25.jpg
│   │   │   │   ├── 02.jpg -> ../../../../data/images/28/2_2024_07_25.jpg
│   │   │   │   └── 03.jpg -> ../../../../data/images/28/3_2024_07_25.jpg
│   │   │   ├── 29-66a2288520a45
│   │   │   │   ├── 01.jpg -> ../../../../data/images/29/1_2025_03_02.jpg
│   │   │   │   ├── 02.jpg -> ../../../../data/images/29/2_2025_03_02.jpg
│   │   │   │   ├── 03.jpg -> ../../../../data/images/29/3_2025_03_02.jpg
│   │   │   │   ├── 04.jpg -> ../../../../data/images/29/4_2025_03_02.jpg
│   │   │   │   └── 05.jpg -> ../../../../data/images/29/5_2025_03_02.jpg
│   │   │   ├── 2-ppnngff
│   │   │   │   ├── 01.jpg -> ../../../../data/images/2/1_2025_10_23.jpg
│   │   │   │   ├── 02.jpg -> ../../../../data/images/2/2_2025_10_23.jpg
│   │   │   │   ├── 03.jpg -> ../../../../data/images/2/3_2025_10_23.jpg
│   │   │   │   ├── 04.jpg -> ../../../../data/images/2/4_2025_10_23.jpg
│   │   │   │   ├── 05.jpg -> ../../../../data/images/2/5_2025_10_23.jpg
│   │   │   │   └── 06.jpg -> ../../../../data/images/2/6_2025_10_23.jpg
│   │   │   ├── 30-66adedbae7e05
│   │   │   │   ├── 01.jpg -> ../../../../data/images/30/1_2024_08_03.jpg
│   │   │   │   ├── 02.jpg -> ../../../../data/images/30/2_2024_08_03.jpg
│   │   │   │   ├── 03.jpg -> ../../../../data/images/30/3_2024_08_03.jpg
│   │   │   │   ├── 04.jpg -> ../../../../data/images/30/4_2024_08_03.jpg
│   │   │   │   ├── 05.jpg -> ../../../../data/images/30/5_2024_08_03.jpg
│   │   │   │   └── 06.jpg -> ../../../../data/images/30/6_2024_08_03.jpg
│   │   │   ├── 31-66b36d04757f4
│   │   │   │   ├── 01.jpg -> ../../../../data/images/31/1_2024_08_07.jpg
│   │   │   │   ├── 02.jpg -> ../../../../data/images/31/2_2024_08_07.jpg
│   │   │   │   ├── 03.jpg -> ../../../../data/images/31/3_2024_08_07.jpg
│   │   │   │   ├── 04.jpg -> ../../../../data/images/31/4_2024_08_07.jpg
│   │   │   │   └── 05.jpg -> ../../../../data/images/31/5_2024_08_07.jpg
│   │   │   ├── 32-670a9b96ccf50
│   │   │   │   ├── 01.jpg -> ../../../../data/images/32/1_2025_01_05.jpg
│   │   │   │   ├── 02.jpg -> ../../../../data/images/32/2_2025_01_05.jpg
│   │   │   │   ├── 03.jpg -> ../../../../data/images/32/3_2025_01_05.jpg
│   │   │   │   ├── 04.jpg -> ../../../../data/images/32/4_2025_01_05.jpg
│   │   │   │   ├── 05.jpg -> ../../../../data/images/32/5_2025_01_05.jpg
│   │   │   │   ├── 06.jpg -> ../../../../data/images/32/6_2025_01_05.jpg
│   │   │   │   └── 07.jpg -> ../../../../data/images/32/7_2025_01_05.jpg
│   │   │   ├── 33-670a9e935d9ee
│   │   │   │   ├── 01.jpg -> ../../../../data/images/33/1_2025_08_30.jpg
│   │   │   │   ├── 02.jpg -> ../../../../data/images/33/2_2025_08_30.jpg
│   │   │   │   ├── 03.jpg -> ../../../../data/images/33/3_2025_08_30.jpg
│   │   │   │   ├── 04.jpg -> ../../../../data/images/33/4_2025_08_30.jpg
│   │   │   │   └── 05.jpg -> ../../../../data/images/33/5_2025_08_30.jpg
│   │   │   ├── 34-670bf36786c84
│   │   │   │   ├── 01.jpg -> ../../../../data/images/34/1_2024_12_02.jpg
│   │   │   │   ├── 02.jpg -> ../../../../data/images/34/2_2024_12_02.jpg
│   │   │   │   ├── 03.jpg -> ../../../../data/images/34/3_2024_12_02.jpg
│   │   │   │   ├── 04.jpg -> ../../../../data/images/34/4_2024_12_02.jpg
│   │   │   │   ├── 05.jpg -> ../../../../data/images/34/5_2024_12_02.jpg
│   │   │   │   ├── 06.jpg -> ../../../../data/images/34/6_2024_12_02.jpg
│   │   │   │   ├── 07.jpg -> ../../../../data/images/34/7_2024_12_02.jpg
│   │   │   │   ├── 08.jpg -> ../../../../data/images/34/8_2024_12_02.jpg
│   │   │   │   ├── 09.jpg -> ../../../../data/images/34/9_2024_12_02.jpg
│   │   │   │   └── 10.jpg -> ../../../../data/images/34/10_2024_12_02.jpg
│   │   │   ├── 35-670bf74dc1ae4
│   │   │   │   ├── 01.jpg -> ../../../../data/images/35/1_2025_09_14.jpg
│   │   │   │   ├── 02.jpg -> ../../../../data/images/35/2_2025_09_14.jpg
│   │   │   │   ├── 03.jpg -> ../../../../data/images/35/3_2025_09_14.jpg
│   │   │   │   ├── 04.jpg -> ../../../../data/images/35/4_2025_09_14.jpg
│   │   │   │   ├── 05.jpg -> ../../../../data/images/35/5_2025_09_14.jpg
│   │   │   │   ├── 06.jpg -> ../../../../data/images/35/6_2025_09_14.jpg
│   │   │   │   ├── 07.jpg -> ../../../../data/images/35/7_2025_09_14.jpg
│   │   │   │   └── 08.jpg -> ../../../../data/images/35/8_2025_09_14.jpg
│   │   │   ├── 36-670d08eedc032
│   │   │   │   ├── 01.jpg -> ../../../../data/images/36/1_2024_10_14.jpg
│   │   │   │   ├── 02.jpg -> ../../../../data/images/36/2_2024_10_14.jpg
│   │   │   │   ├── 03.jpg -> ../../../../data/images/36/3_2024_10_14.jpg
│   │   │   │   ├── 04.jpg -> ../../../../data/images/36/4_2024_10_14.jpg
│   │   │   │   ├── 05.jpg -> ../../../../data/images/36/5_2024_10_14.jpg
│   │   │   │   ├── 06.jpg -> ../../../../data/images/36/6_2024_10_14.jpg
│   │   │   │   ├── 07.jpg -> ../../../../data/images/36/7_2024_10_14.jpg
│   │   │   │   ├── 08.jpg -> ../../../../data/images/36/8_2024_10_14.jpg
│   │   │   │   └── 09.jpg -> ../../../../data/images/36/9_2024_10_14.jpg
│   │   │   ├── 37-670d0b5868fe9
│   │   │   │   ├── 01.jpg -> ../../../../data/images/37/1_2025_02_27.jpg
│   │   │   │   ├── 02.jpg -> ../../../../data/images/37/2_2025_02_27.jpg
│   │   │   │   ├── 03.jpg -> ../../../../data/images/37/3_2025_02_27.jpg
│   │   │   │   └── 04.jpg -> ../../../../data/images/37/4_2025_02_27.jpg
│   │   │   ├── 38-670d0da798da4
│   │   │   │   ├── 01.jpg -> ../../../../data/images/38/1_2025_02_27.jpg
│   │   │   │   ├── 02.jpg -> ../../../../data/images/38/2_2025_02_27.jpg
│   │   │   │   ├── 03.jpg -> ../../../../data/images/38/3_2025_02_27.jpg
│   │   │   │   ├── 04.jpg -> ../../../../data/images/38/4_2025_02_27.jpg
│   │   │   │   └── 05.jpg -> ../../../../data/images/38/5_2025_02_27.jpg
│   │   │   ├── 39-670d1091e5925
│   │   │   │   ├── 01.jpg -> ../../../../data/images/39/1_2024_10_14.jpg
│   │   │   │   ├── 02.jpg -> ../../../../data/images/39/2_2024_10_14.jpg
│   │   │   │   ├── 03.jpg -> ../../../../data/images/39/3_2024_10_14.jpg
│   │   │   │   ├── 04.jpg -> ../../../../data/images/39/4_2024_10_14.jpg
│   │   │   │   ├── 05.jpg -> ../../../../data/images/39/5_2024_10_14.jpg
│   │   │   │   └── 06.jpg -> ../../../../data/images/39/6_2024_10_14.jpg
│   │   │   ├── 40-670d30bf14a1b
│   │   │   │   ├── 01.jpg -> ../../../../data/images/40/1_2024_12_10.jpg
│   │   │   │   ├── 02.jpg -> ../../../../data/images/40/2_2024_12_10.jpg
│   │   │   │   ├── 03.jpg -> ../../../../data/images/40/3_2024_12_10.jpg
│   │   │   │   ├── 04.jpg -> ../../../../data/images/40/4_2024_12_10.jpg
│   │   │   │   ├── 05.jpg -> ../../../../data/images/40/5_2024_12_10.jpg
│   │   │   │   ├── 06.jpg -> ../../../../data/images/40/6_2024_12_10.jpg
│   │   │   │   └── 07.jpg -> ../../../../data/images/40/7_2024_12_10.jpg
│   │   │   ├── 41-670d317031da7
│   │   │   │   ├── 01.jpg -> ../../../../data/images/41/1_2025_11_11.jpg
│   │   │   │   ├── 02.jpg -> ../../../../data/images/41/2_2025_11_11.jpg
│   │   │   │   ├── 03.jpg -> ../../../../data/images/41/3_2025_11_11.jpg
│   │   │   │   ├── 04.jpg -> ../../../../data/images/41/4_2025_11_11.jpg
│   │   │   │   ├── 05.jpg -> ../../../../data/images/41/5_2025_11_11.jpg
│   │   │   │   ├── 06.jpg -> ../../../../data/images/41/6_2025_11_11.jpg
│   │   │   │   └── 07.jpg -> ../../../../data/images/41/7_2025_11_11.jpg
│   │   │   ├── 42-670d330898cfc
│   │   │   │   ├── 01.jpg -> ../../../../data/images/42/1_2024_10_14.jpg
│   │   │   │   ├── 02.jpg -> ../../../../data/images/42/2_2024_10_14.jpg
│   │   │   │   ├── 03.jpg -> ../../../../data/images/42/3_2024_10_14.jpg
│   │   │   │   ├── 04.jpg -> ../../../../data/images/42/4_2024_10_14.jpg
│   │   │   │   └── 05.jpg -> ../../../../data/images/42/5_2024_10_14.jpg
│   │   │   ├── 43-670d3448e9076
│   │   │   │   ├── 01.jpg -> ../../../../data/images/43/1_2025_09_10.jpg
│   │   │   │   ├── 02.jpg -> ../../../../data/images/43/2_2025_09_10.jpg
│   │   │   │   ├── 03.jpg -> ../../../../data/images/43/3_2025_09_10.jpg
│   │   │   │   ├── 04.jpg -> ../../../../data/images/43/4_2025_09_10.jpg
│   │   │   │   ├── 05.jpg -> ../../../../data/images/43/5_2025_09_10.jpg
│   │   │   │   └── 06.jpg -> ../../../../data/images/43/6_2025_09_10.jpg
│   │   │   ├── 44-670d39e74dce5
│   │   │   │   ├── 01.jpg -> ../../../../data/images/44/1_2024_10_14.jpg
│   │   │   │   ├── 02.jpg -> ../../../../data/images/44/2_2024_10_14.jpg
│   │   │   │   ├── 03.jpg -> ../../../../data/images/44/3_2024_10_14.jpg
│   │   │   │   ├── 04.jpg -> ../../../../data/images/44/4_2024_10_14.jpg
│   │   │   │   ├── 05.jpg -> ../../../../data/images/44/5_2024_10_14.jpg
│   │   │   │   └── 06.jpg -> ../../../../data/images/44/6_2024_10_14.jpg
│   │   │   ├── 45-6710a4d9cd7e3
│   │   │   │   ├── 01.jpg -> ../../../../data/images/45/1_2024_10_29.jpg
│   │   │   │   ├── 02.jpg -> ../../../../data/images/45/2_2024_10_29.jpg
│   │   │   │   ├── 03.jpg -> ../../../../data/images/45/3_2024_10_29.jpg
│   │   │   │   ├── 04.jpg -> ../../../../data/images/45/4_2024_10_29.jpg
│   │   │   │   ├── 05.jpg -> ../../../../data/images/45/5_2024_10_29.jpg
│   │   │   │   └── 06.jpg -> ../../../../data/images/45/6_2024_10_29.jpg
│   │   │   ├── 46-6710a6cc8688c
│   │   │   │   ├── 01.jpg -> ../../../../data/images/46/1_2025_01_14.jpg
│   │   │   │   ├── 02.jpg -> ../../../../data/images/46/2_2025_01_14.jpg
│   │   │   │   ├── 03.jpg -> ../../../../data/images/46/3_2025_01_14.jpg
│   │   │   │   ├── 04.jpg -> ../../../../data/images/46/4_2025_01_14.jpg
│   │   │   │   ├── 05.jpg -> ../../../../data/images/46/5_2025_01_14.jpg
│   │   │   │   └── 06.jpg -> ../../../../data/images/46/6_2025_01_14.jpg
│   │   │   ├── 47-671102b05b82f
│   │   │   │   ├── 01.jpg -> ../../../../data/images/47/1_2024_10_17.jpg
│   │   │   │   ├── 02.jpg -> ../../../../data/images/47/2_2024_10_17.jpg
│   │   │   │   ├── 03.jpg -> ../../../../data/images/47/3_2024_10_17.jpg
│   │   │   │   ├── 04.jpg -> ../../../../data/images/47/4_2024_10_17.jpg
│   │   │   │   └── 05.jpg -> ../../../../data/images/47/5_2024_10_17.jpg
│   │   │   ├── 48-671372b018936
│   │   │   │   ├── 01.jpg -> ../../../../data/images/48/1_2025_09_11.jpg
│   │   │   │   ├── 02.jpg -> ../../../../data/images/48/2_2025_09_11.jpg
│   │   │   │   ├── 03.jpg -> ../../../../data/images/48/3_2025_09_11.jpg
│   │   │   │   └── 04.jpg -> ../../../../data/images/48/4_2025_09_11.jpg
│   │   │   ├── 49-673075849e70a
│   │   │   │   ├── 01.jpg -> ../../../../data/images/49/1_2025_09_10.jpg
│   │   │   │   ├── 02.jpg -> ../../../../data/images/49/2_2025_09_10.jpg
│   │   │   │   ├── 03.jpg -> ../../../../data/images/49/3_2025_09_10.jpg
│   │   │   │   ├── 04.jpg -> ../../../../data/images/49/4_2025_09_10.jpg
│   │   │   │   ├── 05.jpg -> ../../../../data/images/49/5_2025_09_10.jpg
│   │   │   │   ├── 06.jpg -> ../../../../data/images/49/6_2025_09_10.jpg
│   │   │   │   └── 07.jpg -> ../../../../data/images/49/7_2025_09_10.jpg
│   │   │   ├── 50-673da87068ba1
│   │   │   │   ├── 01.jpg -> ../../../../data/images/50/1_2024_11_20.jpg
│   │   │   │   ├── 02.jpg -> ../../../../data/images/50/2_2024_11_20.jpg
│   │   │   │   ├── 03.jpg -> ../../../../data/images/50/3_2024_11_20.jpg
│   │   │   │   ├── 04.jpg -> ../../../../data/images/50/4_2024_11_20.jpg
│   │   │   │   ├── 05.jpg -> ../../../../data/images/50/5_2024_11_20.jpg
│   │   │   │   ├── 06.jpg -> ../../../../data/images/50/6_2024_11_20.jpg
│   │   │   │   ├── 07.jpg -> ../../../../data/images/50/7_2024_11_20.jpg
│   │   │   │   └── 08.jpg -> ../../../../data/images/50/8_2024_11_20.jpg
│   │   │   ├── 51-6762919b16178
│   │   │   │   ├── 01.jpg -> ../../../../data/images/51/1_2024_12_18.jpg
│   │   │   │   └── 02.jpg -> ../../../../data/images/51/2_2024_12_18.jpg
│   │   │   ├── 53-6762f05fa44c9
│   │   │   │   ├── 01.jpg -> ../../../../data/images/53/1_2024_12_18.jpg
│   │   │   │   └── 02.jpg -> ../../../../data/images/53/2_2024_12_18.jpg
│   │   │   ├── 54-6762f1dfcea90
│   │   │   │   ├── 01.jpg -> ../../../../data/images/54/1_2024_12_18.jpg
│   │   │   │   └── 02.jpg -> ../../../../data/images/54/2_2024_12_18.jpg
│   │   │   ├── 55-6762f3b08047c
│   │   │   │   ├── 01.jpg -> ../../../../data/images/55/1_2024_12_18.jpg
│   │   │   │   ├── 02.jpg -> ../../../../data/images/55/2_2024_12_18.jpg
│   │   │   │   └── 03.jpg -> ../../../../data/images/55/3_2024_12_18.jpg
│   │   │   ├── 56-6762f484128b5
│   │   │   │   ├── 01.jpg -> ../../../../data/images/56/1_2024_12_26.jpg
│   │   │   │   ├── 02.jpg -> ../../../../data/images/56/2_2024_12_26.jpg
│   │   │   │   └── 03.jpg -> ../../../../data/images/56/3_2024_12_26.jpg
│   │   │   ├── 57-6762f7d0789f3
│   │   │   │   ├── 01.jpg -> ../../../../data/images/57/1_2024_12_26.jpg
│   │   │   │   ├── 02.jpg -> ../../../../data/images/57/2_2024_12_26.jpg
│   │   │   │   ├── 03.jpg -> ../../../../data/images/57/3_2024_12_26.jpg
│   │   │   │   ├── 04.jpg -> ../../../../data/images/57/4_2024_12_26.jpg
│   │   │   │   └── 05.jpg -> ../../../../data/images/57/5_2024_12_26.jpg
│   │   │   ├── 58-6762fc2db1534
│   │   │   │   ├── 01.jpg -> ../../../../data/images/58/1_2025_09_10.jpg
│   │   │   │   ├── 02.jpg -> ../../../../data/images/58/2_2025_09_10.jpg
│   │   │   │   ├── 03.jpg -> ../../../../data/images/58/3_2025_09_10.jpg
│   │   │   │   ├── 04.jpg -> ../../../../data/images/58/4_2025_09_10.jpg
│   │   │   │   └── 05.jpg -> ../../../../data/images/58/5_2025_09_10.jpg
│   │   │   ├── 5-croppp
│   │   │   │   ├── 01.jpg -> ../../../../data/images/5/1_2024_04_07.jpg
│   │   │   │   ├── 02.jpg -> ../../../../data/images/5/2_2024_04_07.jpg
│   │   │   │   ├── 03.jpg -> ../../../../data/images/5/3_2024_04_07.jpg
│   │   │   │   └── 04.jpg -> ../../../../data/images/5/4_2024_04_07.jpg
│   │   │   ├── 60-6768463d90d0c
│   │   │   │   ├── 01.jpg -> ../../../../data/images/60/1_2025_09_10.jpg
│   │   │   │   ├── 02.jpg -> ../../../../data/images/60/2_2025_09_10.jpg
│   │   │   │   ├── 03.jpg -> ../../../../data/images/60/3_2025_09_10.jpg
│   │   │   │   ├── 04.jpg -> ../../../../data/images/60/4_2025_09_10.jpg
│   │   │   │   ├── 05.jpg -> ../../../../data/images/60/5_2025_09_10.jpg
│   │   │   │   ├── 06.jpg -> ../../../../data/images/60/6_2025_09_10.jpg
│   │   │   │   ├── 07.jpg -> ../../../../data/images/60/7_2025_09_10.jpg
│   │   │   │   ├── 08.jpg -> ../../../../data/images/60/8_2025_09_10.jpg
│   │   │   │   ├── 09.jpg -> ../../../../data/images/60/9_2025_09_10.jpg
│   │   │   │   └── 10.jpg -> ../../../../data/images/60/10_2025_09_10.jpg
│   │   │   ├── 61-6773c09ddb4f7
│   │   │   │   ├── 01.jpg -> ../../../../data/images/61/1_2025_01_14.jpg
│   │   │   │   ├── 02.jpg -> ../../../../data/images/61/2_2025_01_14.jpg
│   │   │   │   ├── 03.jpg -> ../../../../data/images/61/3_2025_01_14.jpg
│   │   │   │   ├── 04.jpg -> ../../../../data/images/61/4_2025_01_14.jpg
│   │   │   │   ├── 05.jpg -> ../../../../data/images/61/5_2025_01_14.jpg
│   │   │   │   └── 06.jpg -> ../../../../data/images/61/6_2025_01_14.jpg
│   │   │   ├── 62-6773caecca60f
│   │   │   │   ├── 01.jpg -> ../../../../data/images/62/1_2025_09_10.jpg
│   │   │   │   ├── 02.jpg -> ../../../../data/images/62/2_2025_09_10.jpg
│   │   │   │   ├── 03.jpg -> ../../../../data/images/62/3_2025_09_10.jpg
│   │   │   │   ├── 04.jpg -> ../../../../data/images/62/4_2025_09_10.jpg
│   │   │   │   ├── 05.jpg -> ../../../../data/images/62/5_2025_09_10.jpg
│   │   │   │   ├── 06.jpg -> ../../../../data/images/62/6_2025_09_10.jpg
│   │   │   │   ├── 07.jpg -> ../../../../data/images/62/7_2025_09_10.jpg
│   │   │   │   └── 08.jpg -> ../../../../data/images/62/8_2025_09_10.jpg
│   │   │   ├── 64-67c367c6729ef
│   │   │   │   ├── 01.jpg -> ../../../../data/images/64/1_2025_09_06.jpg
│   │   │   │   ├── 02.jpg -> ../../../../data/images/64/2_2025_09_06.jpg
│   │   │   │   ├── 03.jpg -> ../../../../data/images/64/3_2025_09_06.jpg
│   │   │   │   ├── 04.jpg -> ../../../../data/images/64/4_2025_09_06.jpg
│   │   │   │   ├── 05.jpg -> ../../../../data/images/64/5_2025_09_06.jpg
│   │   │   │   ├── 06.jpg -> ../../../../data/images/64/6_2025_09_06.jpg
│   │   │   │   ├── 07.jpg -> ../../../../data/images/64/7_2025_09_06.jpg
│   │   │   │   ├── 08.jpg -> ../../../../data/images/64/8_2025_09_06.jpg
│   │   │   │   ├── 09.jpg -> ../../../../data/images/64/9_2025_09_06.jpg
│   │   │   │   └── 10.jpg -> ../../../../data/images/64/10_2025_09_06.jpg
│   │   │   ├── 65-67c3772b2d39a
│   │   │   │   ├── 01.jpg -> ../../../../data/images/65/1_2025_03_02.jpg
│   │   │   │   ├── 02.jpg -> ../../../../data/images/65/2_2025_03_02.jpg
│   │   │   │   ├── 03.jpg -> ../../../../data/images/65/3_2025_03_02.jpg
│   │   │   │   ├── 04.jpg -> ../../../../data/images/65/4_2025_03_02.jpg
│   │   │   │   ├── 05.jpg -> ../../../../data/images/65/5_2025_03_02.jpg
│   │   │   │   ├── 06.jpg -> ../../../../data/images/65/6_2025_03_02.jpg
│   │   │   │   ├── 07.jpg -> ../../../../data/images/65/7_2025_03_02.jpg
│   │   │   │   └── 08.jpg -> ../../../../data/images/65/8_2025_03_02.jpg
│   │   │   ├── 66-67c37b702e32a
│   │   │   │   ├── 01.jpg -> ../../../../data/images/66/1_2025_03_02.jpg
│   │   │   │   ├── 02.jpg -> ../../../../data/images/66/2_2025_03_02.jpg
│   │   │   │   ├── 03.jpg -> ../../../../data/images/66/3_2025_03_02.jpg
│   │   │   │   ├── 04.jpg -> ../../../../data/images/66/4_2025_03_02.jpg
│   │   │   │   ├── 05.jpg -> ../../../../data/images/66/5_2025_03_02.jpg
│   │   │   │   └── 06.jpg -> ../../../../data/images/66/6_2025_03_02.jpg
│   │   │   ├── 67-67c3803e72b97
│   │   │   │   ├── 01.jpg -> ../../../../data/images/67/1_2025_03_02.jpg
│   │   │   │   ├── 02.jpg -> ../../../../data/images/67/2_2025_03_02.jpg
│   │   │   │   ├── 03.jpg -> ../../../../data/images/67/3_2025_03_02.jpg
│   │   │   │   ├── 04.jpg -> ../../../../data/images/67/4_2025_03_02.jpg
│   │   │   │   ├── 05.jpg -> ../../../../data/images/67/5_2025_03_02.jpg
│   │   │   │   ├── 06.jpg -> ../../../../data/images/67/6_2025_03_02.jpg
│   │   │   │   ├── 07.jpg -> ../../../../data/images/67/7_2025_03_02.jpg
│   │   │   │   ├── 08.jpg -> ../../../../data/images/67/8_2025_03_02.jpg
│   │   │   │   ├── 09.jpg -> ../../../../data/images/67/9_2025_03_02.jpg
│   │   │   │   ├── 10.jpg -> ../../../../data/images/67/10_2025_03_02.jpg
│   │   │   │   ├── 11.jpg -> ../../../../data/images/67/11_2025_03_02.jpg
│   │   │   │   └── 12.jpg -> ../../../../data/images/67/12_2025_03_02.jpg
│   │   │   ├── 68-67c3e6a80b552
│   │   │   │   ├── 01.jpg -> ../../../../data/images/68/1_2025_03_02.jpg
│   │   │   │   ├── 02.jpg -> ../../../../data/images/68/2_2025_03_02.jpg
│   │   │   │   ├── 03.jpg -> ../../../../data/images/68/3_2025_03_02.jpg
│   │   │   │   └── 04.jpg -> ../../../../data/images/68/4_2025_03_02.jpg
│   │   │   ├── 69-67c3e923cfcad
│   │   │   │   ├── 01.jpg -> ../../../../data/images/69/1_2025_03_02.jpg
│   │   │   │   ├── 02.jpg -> ../../../../data/images/69/2_2025_03_02.jpg
│   │   │   │   ├── 03.jpg -> ../../../../data/images/69/3_2025_03_02.jpg
│   │   │   │   ├── 04.jpg -> ../../../../data/images/69/4_2025_03_02.jpg
│   │   │   │   ├── 05.jpg -> ../../../../data/images/69/5_2025_03_02.jpg
│   │   │   │   └── 06.jpg -> ../../../../data/images/69/6_2025_03_02.jpg
│   │   │   ├── 6-hasiriii
│   │   │   │   ├── 01.jpg -> ../../../../data/images/6/1_2025_10_23.jpg
│   │   │   │   ├── 02.jpg -> ../../../../data/images/6/2_2025_10_23.jpg
│   │   │   │   ├── 03.jpg -> ../../../../data/images/6/3_2025_10_23.jpg
│   │   │   │   ├── 04.jpg -> ../../../../data/images/6/4_2025_10_23.jpg
│   │   │   │   └── 05.jpg -> ../../../../data/images/6/5_2025_10_23.jpg
│   │   │   ├── 70-67c3eb26b494e
│   │   │   │   ├── 01.jpg -> ../../../../data/images/70/1_2025_03_02.jpg
│   │   │   │   ├── 02.jpg -> ../../../../data/images/70/2_2025_03_02.jpg
│   │   │   │   ├── 03.jpg -> ../../../../data/images/70/3_2025_03_02.jpg
│   │   │   │   ├── 04.jpg -> ../../../../data/images/70/4_2025_03_02.jpg
│   │   │   │   └── 05.jpg -> ../../../../data/images/70/5_2025_03_02.jpg
│   │   │   ├── 71-67c3ed2948539
│   │   │   │   ├── 01.jpg -> ../../../../data/images/71/1_2025_06_04.jpg
│   │   │   │   ├── 02.jpg -> ../../../../data/images/71/2_2025_06_04.jpg
│   │   │   │   ├── 03.jpg -> ../../../../data/images/71/3_2025_06_04.jpg
│   │   │   │   └── 04.jpg -> ../../../../data/images/71/4_2025_06_04.jpg
│   │   │   ├── 72-67c3eebf5ab55
│   │   │   │   ├── 01.jpg -> ../../../../data/images/72/1_2025_06_04.jpg
│   │   │   │   ├── 02.jpg -> ../../../../data/images/72/2_2025_06_04.jpg
│   │   │   │   ├── 03.jpg -> ../../../../data/images/72/3_2025_06_04.jpg
│   │   │   │   └── 04.jpg -> ../../../../data/images/72/4_2025_06_04.jpg
│   │   │   ├── 73-67c3f04d5c29d
│   │   │   │   ├── 01.jpg -> ../../../../data/images/73/1_2025_03_03.jpg
│   │   │   │   ├── 02.jpg -> ../../../../data/images/73/2_2025_03_03.jpg
│   │   │   │   ├── 03.jpg -> ../../../../data/images/73/3_2025_03_03.jpg
│   │   │   │   └── 04.jpg -> ../../../../data/images/73/4_2025_03_03.jpg
│   │   │   ├── 74-67c3f18ef2d4a
│   │   │   │   ├── 01.jpg -> ../../../../data/images/74/1_2025_03_02.jpg
│   │   │   │   ├── 02.jpg -> ../../../../data/images/74/2_2025_03_02.jpg
│   │   │   │   ├── 03.jpg -> ../../../../data/images/74/3_2025_03_02.jpg
│   │   │   │   ├── 04.jpg -> ../../../../data/images/74/4_2025_03_02.jpg
│   │   │   │   └── 05.jpg -> ../../../../data/images/74/5_2025_03_02.jpg
│   │   │   ├── 75-67c3f3fc0af17
│   │   │   │   ├── 01.jpg -> ../../../../data/images/75/1_2025_03_02.jpg
│   │   │   │   ├── 02.jpg -> ../../../../data/images/75/2_2025_03_02.jpg
│   │   │   │   ├── 03.jpg -> ../../../../data/images/75/3_2025_03_02.jpg
│   │   │   │   └── 04.jpg -> ../../../../data/images/75/4_2025_03_02.jpg
│   │   │   ├── 76-67c3f5485c138
│   │   │   │   ├── 01.jpg -> ../../../../data/images/76/1_2025_03_02.jpg
│   │   │   │   ├── 02.jpg -> ../../../../data/images/76/2_2025_03_02.jpg
│   │   │   │   ├── 03.jpg -> ../../../../data/images/76/3_2025_03_02.jpg
│   │   │   │   └── 04.jpg -> ../../../../data/images/76/4_2025_03_02.jpg
│   │   │   ├── 77-67c40369aa11e
│   │   │   │   ├── 01.jpg -> ../../../../data/images/77/1_2025_03_02.jpg
│   │   │   │   ├── 02.jpg -> ../../../../data/images/77/2_2025_03_02.jpg
│   │   │   │   ├── 03.jpg -> ../../../../data/images/77/3_2025_03_02.jpg
│   │   │   │   ├── 04.jpg -> ../../../../data/images/77/4_2025_03_02.jpg
│   │   │   │   └── 05.jpg -> ../../../../data/images/77/5_2025_03_02.jpg
│   │   │   ├── 78-67c40619392e0
│   │   │   │   ├── 01.jpg -> ../../../../data/images/78/1_2025_03_02.jpg
│   │   │   │   ├── 02.jpg -> ../../../../data/images/78/2_2025_03_02.jpg
│   │   │   │   ├── 03.jpg -> ../../../../data/images/78/3_2025_03_02.jpg
│   │   │   │   ├── 04.jpg -> ../../../../data/images/78/4_2025_03_02.jpg
│   │   │   │   └── 05.jpg -> ../../../../data/images/78/5_2025_03_02.jpg
│   │   │   ├── 79-67c407f78db91
│   │   │   │   ├── 01.jpg -> ../../../../data/images/79/1_2025_03_02.jpg
│   │   │   │   ├── 02.jpg -> ../../../../data/images/79/2_2025_03_02.jpg
│   │   │   │   ├── 03.jpg -> ../../../../data/images/79/3_2025_03_02.jpg
│   │   │   │   ├── 04.jpg -> ../../../../data/images/79/4_2025_03_02.jpg
│   │   │   │   └── 05.jpg -> ../../../../data/images/79/5_2025_03_02.jpg
│   │   │   ├── 7-tro
│   │   │   │   ├── 01.jpg -> ../../../../data/images/7/1_2025_03_03.jpg
│   │   │   │   ├── 02.jpg -> ../../../../data/images/7/2_2025_03_03.jpg
│   │   │   │   ├── 03.jpg -> ../../../../data/images/7/3_2025_03_03.jpg
│   │   │   │   ├── 04.jpg -> ../../../../data/images/7/4_2025_03_03.jpg
│   │   │   │   ├── 05.jpg -> ../../../../data/images/7/5_2025_03_03.jpg
│   │   │   │   ├── 06.jpg -> ../../../../data/images/7/6_2025_03_03.jpg
│   │   │   │   ├── 07.jpg -> ../../../../data/images/7/7_2025_03_03.jpg
│   │   │   │   ├── 08.jpg -> ../../../../data/images/7/8_2025_03_03.jpg
│   │   │   │   └── 09.jpg -> ../../../../data/images/7/9_2025_03_03.jpg
│   │   │   ├── 80-67d1662fd8f05
│   │   │   │   ├── 01.jpg -> ../../../../data/images/80/1_2025_08_29.jpg
│   │   │   │   ├── 02.jpg -> ../../../../data/images/80/2_2025_08_29.jpg
│   │   │   │   ├── 03.jpg -> ../../../../data/images/80/3_2025_08_29.jpg
│   │   │   │   └── 04.jpg -> ../../../../data/images/80/4_2025_08_29.jpg
│   │   │   ├── 81-67d169f7ae957
│   │   │   │   ├── 01.jpg -> ../../../../data/images/81/1_2025_03_13.jpg
│   │   │   │   ├── 02.jpg -> ../../../../data/images/81/2_2025_03_13.jpg
│   │   │   │   └── 03.jpg -> ../../../../data/images/81/3_2025_03_13.jpg
│   │   │   ├── 82-68491f83b2d0f
│   │   │   │   ├── 01.jpg -> ../../../../data/images/82/1_2025_07_01.jpg
│   │   │   │   ├── 02.jpg -> ../../../../data/images/82/2_2025_07_01.jpg
│   │   │   │   ├── 03.jpg -> ../../../../data/images/82/3_2025_07_01.jpg
│   │   │   │   └── 04.jpg -> ../../../../data/images/82/4_2025_07_01.jpg
│   │   │   ├── 83-6849241d10d09
│   │   │   │   ├── 01.jpg -> ../../../../data/images/83/1_2025_06_11.jpg
│   │   │   │   ├── 02.jpg -> ../../../../data/images/83/2_2025_06_11.jpg
│   │   │   │   ├── 03.jpg -> ../../../../data/images/83/3_2025_06_11.jpg
│   │   │   │   └── 04.jpg -> ../../../../data/images/83/4_2025_06_11.jpg
│   │   │   ├── 84-6849271055b4f
│   │   │   │   ├── 01.jpg -> ../../../../data/images/84/1_2025_06_11.jpg
│   │   │   │   ├── 02.jpg -> ../../../../data/images/84/2_2025_06_11.jpg
│   │   │   │   ├── 03.jpg -> ../../../../data/images/84/3_2025_06_11.jpg
│   │   │   │   └── 04.jpg -> ../../../../data/images/84/4_2025_06_11.jpg
│   │   │   ├── 85-6849280bbdb87
│   │   │   │   ├── 01.jpg -> ../../../../data/images/85/1_2025_06_11.jpg
│   │   │   │   ├── 02.jpg -> ../../../../data/images/85/2_2025_06_11.jpg
│   │   │   │   ├── 03.jpg -> ../../../../data/images/85/3_2025_06_11.jpg
│   │   │   │   └── 04.jpg -> ../../../../data/images/85/4_2025_06_11.jpg
│   │   │   ├── 86-68492a2228f49
│   │   │   │   ├── 01.jpg -> ../../../../data/images/86/1_2025_06_11.jpg
│   │   │   │   ├── 02.jpg -> ../../../../data/images/86/2_2025_06_11.jpg
│   │   │   │   ├── 03.jpg -> ../../../../data/images/86/3_2025_06_11.jpg
│   │   │   │   └── 04.jpg -> ../../../../data/images/86/4_2025_06_11.jpg
│   │   │   ├── 87-68492b4a898dc
│   │   │   │   ├── 01.jpg -> ../../../../data/images/87/1_2025_06_11.jpg
│   │   │   │   ├── 02.jpg -> ../../../../data/images/87/2_2025_06_11.jpg
│   │   │   │   ├── 03.jpg -> ../../../../data/images/87/3_2025_06_11.jpg
│   │   │   │   ├── 04.jpg -> ../../../../data/images/87/4_2025_06_11.jpg
│   │   │   │   └── 05.jpg -> ../../../../data/images/87/5_2025_06_11.jpg
│   │   │   ├── 88-68492c8274bd1
│   │   │   │   ├── 01.jpg -> ../../../../data/images/88/1_2025_06_14.jpg
│   │   │   │   ├── 02.jpg -> ../../../../data/images/88/2_2025_06_14.jpg
│   │   │   │   ├── 03.jpg -> ../../../../data/images/88/3_2025_06_14.jpg
│   │   │   │   └── 04.jpg -> ../../../../data/images/88/4_2025_06_14.jpg
│   │   │   ├── 89-68492d967fd0b
│   │   │   │   ├── 01.jpg -> ../../../../data/images/89/1_2025_06_11.jpg
│   │   │   │   ├── 02.jpg -> ../../../../data/images/89/2_2025_06_11.jpg
│   │   │   │   ├── 03.jpg -> ../../../../data/images/89/3_2025_06_11.jpg
│   │   │   │   └── 04.jpg -> ../../../../data/images/89/4_2025_06_11.jpg
│   │   │   ├── 90-68492f9c3e72f
│   │   │   │   ├── 01.jpg -> ../../../../data/images/90/1_2025_06_11.jpg
│   │   │   │   ├── 02.jpg -> ../../../../data/images/90/2_2025_06_11.jpg
│   │   │   │   ├── 03.jpg -> ../../../../data/images/90/3_2025_06_11.jpg
│   │   │   │   └── 04.jpg -> ../../../../data/images/90/4_2025_06_11.jpg
│   │   │   ├── 91-684931ca64c6f
│   │   │   │   ├── 01.jpg -> ../../../../data/images/91/1_2025_06_11.jpg
│   │   │   │   ├── 02.jpg -> ../../../../data/images/91/2_2025_06_11.jpg
│   │   │   │   ├── 03.jpg -> ../../../../data/images/91/3_2025_06_11.jpg
│   │   │   │   ├── 04.jpg -> ../../../../data/images/91/4_2025_06_11.jpg
│   │   │   │   └── 05.jpg -> ../../../../data/images/91/5_2025_06_11.jpg
│   │   │   ├── 92-6849345974a09
│   │   │   │   ├── 01.jpg -> ../../../../data/images/92/1_2025_06_11.jpg
│   │   │   │   ├── 02.jpg -> ../../../../data/images/92/2_2025_06_11.jpg
│   │   │   │   ├── 03.jpg -> ../../../../data/images/92/3_2025_06_11.jpg
│   │   │   │   └── 04.jpg -> ../../../../data/images/92/4_2025_06_11.jpg
│   │   │   ├── 93-68493bd9d9107
│   │   │   │   ├── 01.jpg -> ../../../../data/images/93/1_2025_06_11.jpg
│   │   │   │   ├── 02.jpg -> ../../../../data/images/93/2_2025_06_11.jpg
│   │   │   │   └── 03.jpg -> ../../../../data/images/93/3_2025_06_11.jpg
│   │   │   ├── 94-68493d07bb15f
│   │   │   │   ├── 01.jpg -> ../../../../data/images/94/1_2025_06_11.jpg
│   │   │   │   ├── 02.jpg -> ../../../../data/images/94/2_2025_06_11.jpg
│   │   │   │   ├── 03.jpg -> ../../../../data/images/94/3_2025_06_11.jpg
│   │   │   │   └── 04.jpg -> ../../../../data/images/94/4_2025_06_11.jpg
│   │   │   ├── 95-684dbfdccb27c
│   │   │   │   ├── 01.jpg -> ../../../../data/images/95/1_2025_08_09.jpg
│   │   │   │   └── 02.jpg -> ../../../../data/images/95/2_2025_08_09.jpg
│   │   │   ├── 96-684dc206bc576
│   │   │   │   ├── 01.jpg -> ../../../../data/images/96/1_2025_06_14.jpg
│   │   │   │   ├── 02.jpg -> ../../../../data/images/96/2_2025_06_14.jpg
│   │   │   │   ├── 03.jpg -> ../../../../data/images/96/3_2025_06_14.jpg
│   │   │   │   ├── 04.jpg -> ../../../../data/images/96/4_2025_06_14.jpg
│   │   │   │   └── 05.jpg -> ../../../../data/images/96/5_2025_06_14.jpg
│   │   │   ├── 97-684dc30d58073
│   │   │   │   ├── 01.jpg -> ../../../../data/images/97/1_2025_06_14.jpg
│   │   │   │   ├── 02.jpg -> ../../../../data/images/97/2_2025_06_14.jpg
│   │   │   │   ├── 03.jpg -> ../../../../data/images/97/3_2025_06_14.jpg
│   │   │   │   └── 04.jpg -> ../../../../data/images/97/4_2025_06_14.jpg
│   │   │   ├── 98-684dc429d4320
│   │   │   │   ├── 01.jpg -> ../../../../data/images/98/1_2025_06_14.jpg
│   │   │   │   ├── 02.jpg -> ../../../../data/images/98/2_2025_06_14.jpg
│   │   │   │   └── 03.jpg -> ../../../../data/images/98/3_2025_06_14.jpg
│   │   │   └── 99-684dc6fc48516
│   │   │       ├── 01.jpg -> ../../../../data/images/99/1_2025_06_14.jpg
│   │   │       ├── 02.jpg -> ../../../../data/images/99/2_2025_06_14.jpg
│   │   │       └── 03.jpg -> ../../../../data/images/99/3_2025_06_14.jpg
│   │   └── videos
│   │       └── unmatched
│   │           ├── IMG_2574.MOV -> ../../../../data/videos/IMG_2574.MOV
│   │           ├── IMG_2575.MOV -> ../../../../data/videos/IMG_2575.MOV
│   │           └── IMG_2576.MOV -> ../../../../data/videos/IMG_2576.MOV
│   ├── media.clean.json
│   └── summary.json
├── current-site
│   ├── categories.current.json
│   ├── collections.current.json
│   ├── matches.current-to-history.json
│   ├── products.current.json
│   └── summary.json
├── data
│   ├── images
│   │   ├── 1
│   │   │   ├── 1_2025_10_23.jpg
│   │   │   ├── 2_2025_10_23.jpg
│   │   │   ├── 3_2025_10_23.jpg
│   │   │   └── 4_2025_10_23.jpg
│   │   ├── 10
│   │   │   ├── 1_2025_09_10.jpg
│   │   │   ├── 2_2025_09_10.jpg
│   │   │   ├── 3_2025_09_10.jpg
│   │   │   ├── 4_2025_09_10.jpg
│   │   │   ├── 5_2025_09_10.jpg
│   │   │   └── 6_2025_09_10.jpg
│   │   ├── 100
│   │   │   ├── 1_2025_06_14.jpg
│   │   │   ├── 2_2025_06_14.jpg
│   │   │   └── 3_2025_06_14.jpg
│   │   ├── 101
│   │   │   ├── 1_2025_06_14.jpg
│   │   │   ├── 2_2025_06_14.jpg
│   │   │   ├── 3_2025_06_14.jpg
│   │   │   ├── 4_2025_06_14.jpg
│   │   │   └── 5_2025_06_14.jpg
│   │   ├── 102
│   │   │   ├── 1_2025_06_14.jpg
│   │   │   ├── 2_2025_06_14.jpg
│   │   │   ├── 3_2025_06_14.jpg
│   │   │   └── 4_2025_06_14.jpg
│   │   ├── 103
│   │   │   ├── 1_2025_06_14.jpg
│   │   │   ├── 2_2025_06_14.jpg
│   │   │   ├── 3_2025_06_14.jpg
│   │   │   ├── 4_2025_06_14.jpg
│   │   │   └── 5_2025_06_14.jpg
│   │   ├── 104
│   │   │   ├── 1_2025_06_14.jpg
│   │   │   ├── 2_2025_06_14.jpg
│   │   │   ├── 3_2025_06_14.jpg
│   │   │   └── 4_2025_06_14.jpg
│   │   ├── 105
│   │   │   ├── 1_2025_06_14.jpg
│   │   │   ├── 2_2025_06_14.jpg
│   │   │   ├── 3_2025_06_14.jpg
│   │   │   └── 4_2025_06_14.jpg
│   │   ├── 106
│   │   │   ├── 1_2025_06_14.jpg
│   │   │   ├── 2_2025_06_14.jpg
│   │   │   ├── 3_2025_06_14.jpg
│   │   │   └── 4_2025_06_14.jpg
│   │   ├── 107
│   │   │   ├── 1_2025_06_14.jpg
│   │   │   ├── 2_2025_06_14.jpg
│   │   │   ├── 3_2025_06_14.jpg
│   │   │   └── 4_2025_06_14.jpg
│   │   ├── 108
│   │   │   ├── 1_2025_06_14.jpg
│   │   │   ├── 2_2025_06_14.jpg
│   │   │   └── 3_2025_06_14.jpg
│   │   ├── 109
│   │   │   ├── 1_2025_06_15.jpg
│   │   │   ├── 2_2025_06_15.jpg
│   │   │   └── 3_2025_06_15.jpg
│   │   ├── 11
│   │   │   ├── 1_2024_09_07.jpg
│   │   │   ├── 2_2024_09_07.jpg
│   │   │   ├── 3_2024_09_07.jpg
│   │   │   └── 4_2024_09_07.jpg
│   │   ├── 110
│   │   │   ├── 1_2025_06_15.jpg
│   │   │   ├── 2_2025_06_15.jpg
│   │   │   ├── 3_2025_06_15.jpg
│   │   │   └── 4_2025_06_15.jpg
│   │   ├── 111
│   │   │   ├── 1_2025_06_15.jpg
│   │   │   ├── 2_2025_06_15.jpg
│   │   │   ├── 3_2025_06_15.jpg
│   │   │   ├── 4_2025_06_15.jpg
│   │   │   └── 5_2025_06_15.jpg
│   │   ├── 112
│   │   │   ├── 1_2025_06_15.jpg
│   │   │   ├── 2_2025_06_15.jpg
│   │   │   ├── 3_2025_06_15.jpg
│   │   │   ├── 4_2025_06_15.jpg
│   │   │   └── 5_2025_06_15.jpg
│   │   ├── 113
│   │   │   ├── 1_2025_06_15.jpg
│   │   │   ├── 2_2025_06_15.jpg
│   │   │   ├── 3_2025_06_15.jpg
│   │   │   ├── 4_2025_06_15.jpg
│   │   │   └── 5_2025_06_15.jpg
│   │   ├── 114
│   │   │   ├── 1_2025_06_15.jpg
│   │   │   ├── 2_2025_06_15.jpg
│   │   │   ├── 3_2025_06_15.jpg
│   │   │   ├── 4_2025_06_15.jpg
│   │   │   ├── 5_2025_06_15.jpg
│   │   │   └── 6_2025_06_15.jpg
│   │   ├── 115
│   │   │   ├── 1_2025_06_15.jpg
│   │   │   ├── 2_2025_06_15.jpg
│   │   │   ├── 3_2025_06_15.jpg
│   │   │   └── 4_2025_06_15.jpg
│   │   ├── 116
│   │   │   ├── 1_2025_06_15.jpg
│   │   │   ├── 2_2025_06_15.jpg
│   │   │   ├── 3_2025_06_15.jpg
│   │   │   └── 4_2025_06_15.jpg
│   │   ├── 117
│   │   │   ├── 1_2025_06_15.jpg
│   │   │   ├── 2_2025_06_15.jpg
│   │   │   ├── 3_2025_06_15.jpg
│   │   │   └── 4_2025_06_15.jpg
│   │   ├── 118
│   │   │   ├── 1_2025_06_15.jpg
│   │   │   ├── 2_2025_06_15.jpg
│   │   │   ├── 3_2025_06_15.jpg
│   │   │   └── 4_2025_06_15.jpg
│   │   ├── 119
│   │   │   ├── 1_2025_10_23.jpg
│   │   │   ├── 2_2025_10_23.jpg
│   │   │   ├── 3_2025_10_23.jpg
│   │   │   └── 4_2025_10_23.jpg
│   │   ├── 12
│   │   │   ├── 1_2025_03_14.jpg
│   │   │   ├── 2_2025_03_14.jpg
│   │   │   ├── 3_2025_03_14.jpg
│   │   │   └── 4_2025_03_14.jpg
│   │   ├── 120
│   │   │   ├── 1_2025_06_15.jpg
│   │   │   ├── 2_2025_06_15.jpg
│   │   │   └── 3_2025_06_15.jpg
│   │   ├── 121
│   │   │   ├── 1_2025_06_15.jpg
│   │   │   ├── 2_2025_06_15.jpg
│   │   │   ├── 3_2025_06_15.jpg
│   │   │   └── 4_2025_06_15.jpg
│   │   ├── 122
│   │   │   ├── 1_2025_06_15.jpg
│   │   │   ├── 2_2025_06_15.jpg
│   │   │   └── 3_2025_06_15.jpg
│   │   ├── 123
│   │   │   ├── 1_2025_06_15.jpg
│   │   │   ├── 2_2025_06_15.jpg
│   │   │   └── 3_2025_06_15.jpg
│   │   ├── 124
│   │   │   ├── 1_2025_06_15.jpg
│   │   │   ├── 2_2025_06_15.jpg
│   │   │   ├── 3_2025_06_15.jpg
│   │   │   └── 4_2025_06_15.jpg
│   │   ├── 125
│   │   │   ├── 1_2025_06_15.jpg
│   │   │   ├── 2_2025_06_15.jpg
│   │   │   ├── 3_2025_06_15.jpg
│   │   │   └── 4_2025_06_15.jpg
│   │   ├── 126
│   │   │   ├── 1_2025_06_15.jpg
│   │   │   ├── 2_2025_06_15.jpg
│   │   │   ├── 3_2025_06_15.jpg
│   │   │   ├── 4_2025_06_15.jpg
│   │   │   └── 5_2025_06_15.jpg
│   │   ├── 127
│   │   │   ├── 1_2025_06_15.jpg
│   │   │   ├── 2_2025_06_15.jpg
│   │   │   └── 3_2025_06_15.jpg
│   │   ├── 128
│   │   │   ├── 1_2025_06_15.jpg
│   │   │   ├── 2_2025_06_15.jpg
│   │   │   ├── 3_2025_06_15.jpg
│   │   │   └── 4_2025_06_15.jpg
│   │   ├── 129
│   │   │   └── 1_2025_08_20.jpg
│   │   ├── 13
│   │   │   ├── 1_2024_09_07.jpg
│   │   │   ├── 2_2024_09_07.jpg
│   │   │   └── 3_2024_09_07.jpg
│   │   ├── 130
│   │   │   ├── 1_2025_06_16.jpg
│   │   │   ├── 2_2025_06_16.jpg
│   │   │   ├── 3_2025_06_16.jpg
│   │   │   └── 4_2025_06_16.jpg
│   │   ├── 131
│   │   │   ├── 1_2025_06_16.jpg
│   │   │   ├── 2_2025_06_16.jpg
│   │   │   └── 3_2025_06_16.jpg
│   │   ├── 132
│   │   │   ├── 1_2025_06_16.jpg
│   │   │   ├── 2_2025_06_16.jpg
│   │   │   └── 3_2025_06_16.jpg
│   │   ├── 133
│   │   │   ├── 1_2025_06_16.jpg
│   │   │   ├── 2_2025_06_16.jpg
│   │   │   ├── 3_2025_06_16.jpg
│   │   │   └── 4_2025_06_16.jpg
│   │   ├── 134
│   │   │   ├── 1_2025_06_16.jpg
│   │   │   ├── 2_2025_06_16.jpg
│   │   │   └── 3_2025_06_16.jpg
│   │   ├── 135
│   │   │   ├── 1_2025_06_16.jpg
│   │   │   ├── 2_2025_06_16.jpg
│   │   │   └── 3_2025_06_16.jpg
│   │   ├── 136
│   │   │   ├── 1_2025_06_26.jpg
│   │   │   ├── 2_2025_06_26.jpg
│   │   │   └── 3_2025_06_26.jpg
│   │   ├── 137
│   │   │   ├── 1_2025_10_03.jpg
│   │   │   ├── 2_2025_10_03.jpg
│   │   │   └── 3_2025_10_03.jpg
│   │   ├── 138
│   │   │   ├── 1_2025_10_03.jpg
│   │   │   ├── 2_2025_10_03.jpg
│   │   │   ├── 3_2025_10_03.jpg
│   │   │   └── 4_2025_10_03.jpg
│   │   ├── 139
│   │   │   ├── 1_2025_10_03.jpg
│   │   │   ├── 2_2025_10_03.jpg
│   │   │   └── 3_2025_10_03.jpg
│   │   ├── 14
│   │   │   ├── 1_2024_03_03.jpg
│   │   │   ├── 2_2024_03_03.jpg
│   │   │   ├── 3_2024_03_03.jpg
│   │   │   └── 4_2024_03_03.jpg
│   │   ├── 140
│   │   │   ├── 1_2025_10_03.jpg
│   │   │   ├── 2_2025_10_03.jpg
│   │   │   ├── 3_2025_10_03.jpg
│   │   │   └── 4_2025_10_03.jpg
│   │   ├── 141
│   │   │   ├── 1_2025_10_03.jpg
│   │   │   ├── 2_2025_10_03.jpg
│   │   │   ├── 3_2025_10_03.jpg
│   │   │   └── 4_2025_10_03.jpg
│   │   ├── 142
│   │   │   ├── 1_2025_10_03.jpg
│   │   │   ├── 2_2025_10_03.jpg
│   │   │   └── 3_2025_10_03.jpg
│   │   ├── 143
│   │   │   ├── 1_2025_10_05.jpg
│   │   │   ├── 2_2025_10_05.jpg
│   │   │   └── 3_2025_10_05.jpg
│   │   ├── 144
│   │   │   ├── 1_2025_10_03.jpg
│   │   │   ├── 2_2025_10_03.jpg
│   │   │   └── 3_2025_10_03.jpg
│   │   ├── 145
│   │   │   ├── 1_2025_10_03.jpg
│   │   │   ├── 2_2025_10_03.jpg
│   │   │   └── 3_2025_10_03.jpg
│   │   ├── 146
│   │   │   ├── 1_2025_10_03.jpg
│   │   │   ├── 2_2025_10_03.jpg
│   │   │   ├── 3_2025_10_03.jpg
│   │   │   └── 4_2025_10_03.jpg
│   │   ├── 147
│   │   │   ├── 1_2025_10_03.jpg
│   │   │   ├── 2_2025_10_03.jpg
│   │   │   ├── 3_2025_10_03.jpg
│   │   │   └── 4_2025_10_03.jpg
│   │   ├── 148
│   │   │   ├── 1_2025_10_03.jpg
│   │   │   ├── 2_2025_10_03.jpg
│   │   │   ├── 3_2025_10_03.jpg
│   │   │   └── 4_2025_10_03.jpg
│   │   ├── 149
│   │   │   ├── 1_2025_10_03.jpg
│   │   │   ├── 2_2025_10_03.jpg
│   │   │   └── 3_2025_10_03.jpg
│   │   ├── 15
│   │   │   ├── 1_2025_10_23.jpg
│   │   │   ├── 2_2025_10_23.jpg
│   │   │   ├── 3_2025_10_23.jpg
│   │   │   ├── 4_2025_10_23.jpg
│   │   │   └── 5_2025_10_23.jpg
│   │   ├── 150
│   │   │   ├── 1_2025_10_03.jpg
│   │   │   ├── 2_2025_10_03.jpg
│   │   │   ├── 3_2025_10_03.jpg
│   │   │   └── 4_2025_10_03.jpg
│   │   ├── 151
│   │   │   ├── 1_2025_10_03.jpg
│   │   │   ├── 2_2025_10_03.jpg
│   │   │   ├── 3_2025_10_03.jpg
│   │   │   └── 4_2025_10_03.jpg
│   │   ├── 152
│   │   │   ├── 1_2025_10_03.jpg
│   │   │   ├── 2_2025_10_03.jpg
│   │   │   ├── 3_2025_10_03.jpg
│   │   │   ├── 4_2025_10_03.jpg
│   │   │   └── 5_2025_10_03.jpg
│   │   ├── 153
│   │   │   ├── 1_2025_10_04.jpg
│   │   │   ├── 2_2025_10_04.jpg
│   │   │   └── 3_2025_10_04.jpg
│   │   ├── 154
│   │   │   ├── 1_2025_10_04.jpg
│   │   │   ├── 2_2025_10_04.jpg
│   │   │   ├── 3_2025_10_04.jpg
│   │   │   └── 4_2025_10_04.jpg
│   │   ├── 155
│   │   │   ├── 1_2025_10_04.jpg
│   │   │   ├── 2_2025_10_04.jpg
│   │   │   └── 3_2025_10_04.jpg
│   │   ├── 156
│   │   │   ├── 1_2025_10_04.jpg
│   │   │   ├── 2_2025_10_04.jpg
│   │   │   ├── 3_2025_10_04.jpg
│   │   │   └── 4_2025_10_04.jpg
│   │   ├── 157
│   │   │   ├── 1_2025_10_11.jpg
│   │   │   ├── 2_2025_10_11.jpg
│   │   │   └── 3_2025_10_11.jpg
│   │   ├── 158
│   │   │   ├── 1_2025_10_11.jpg
│   │   │   ├── 2_2025_10_11.jpg
│   │   │   ├── 3_2025_10_11.jpg
│   │   │   └── 4_2025_10_11.jpg
│   │   ├── 159
│   │   │   ├── 1_2025_10_11.jpg
│   │   │   ├── 2_2025_10_11.jpg
│   │   │   ├── 3_2025_10_11.jpg
│   │   │   └── 4_2025_10_11.jpg
│   │   ├── 16
│   │   │   ├── 10_2025_03_02.jpg
│   │   │   ├── 1_2025_03_02.jpg
│   │   │   ├── 2_2025_03_02.jpg
│   │   │   ├── 3_2025_03_02.jpg
│   │   │   ├── 4_2025_03_02.jpg
│   │   │   ├── 5_2025_03_02.jpg
│   │   │   ├── 6_2025_03_02.jpg
│   │   │   ├── 7_2025_03_02.jpg
│   │   │   ├── 8_2025_03_02.jpg
│   │   │   └── 9_2025_03_02.jpg
│   │   ├── 160
│   │   │   ├── 1_2025_10_03.jpg
│   │   │   ├── 2_2025_10_03.jpg
│   │   │   ├── 3_2025_10_03.jpg
│   │   │   └── 4_2025_10_03.jpg
│   │   ├── 161
│   │   │   ├── 1_2025_10_03.jpg
│   │   │   ├── 2_2025_10_03.jpg
│   │   │   ├── 3_2025_10_03.jpg
│   │   │   └── 4_2025_10_03.jpg
│   │   ├── 162
│   │   │   ├── 1_2025_10_04.jpg
│   │   │   ├── 2_2025_10_04.jpg
│   │   │   ├── 3_2025_10_04.jpg
│   │   │   └── 4_2025_10_04.jpg
│   │   ├── 163
│   │   │   ├── 1_2025_10_04.jpg
│   │   │   ├── 2_2025_10_04.jpg
│   │   │   ├── 3_2025_10_04.jpg
│   │   │   └── 4_2025_10_04.jpg
│   │   ├── 164
│   │   │   ├── 1_2025_10_03.jpg
│   │   │   ├── 2_2025_10_03.jpg
│   │   │   └── 3_2025_10_03.jpg
│   │   ├── 165
│   │   │   ├── 1_2025_10_04.jpg
│   │   │   ├── 2_2025_10_04.jpg
│   │   │   └── 3_2025_10_04.jpg
│   │   ├── 166
│   │   │   ├── 1_2025_10_03.jpg
│   │   │   ├── 2_2025_10_03.jpg
│   │   │   ├── 3_2025_10_03.jpg
│   │   │   └── 4_2025_10_03.jpg
│   │   ├── 167
│   │   │   ├── 1_2025_10_04.jpg
│   │   │   ├── 2_2025_10_04.jpg
│   │   │   ├── 3_2025_10_04.jpg
│   │   │   └── 4_2025_10_04.jpg
│   │   ├── 168
│   │   │   ├── 1_2025_10_03.jpg
│   │   │   ├── 2_2025_10_03.jpg
│   │   │   ├── 3_2025_10_03.jpg
│   │   │   ├── 4_2025_10_03.jpg
│   │   │   └── 5_2025_10_03.jpg
│   │   ├── 169
│   │   │   ├── 1_2025_10_03.jpg
│   │   │   ├── 2_2025_10_03.jpg
│   │   │   └── 3_2025_10_03.jpg
│   │   ├── 17
│   │   │   ├── 1_2025_10_23.jpg
│   │   │   ├── 2_2025_10_23.jpg
│   │   │   └── 3_2025_10_23.jpg
│   │   ├── 170
│   │   │   ├── 1_2025_10_11.jpg
│   │   │   ├── 2_2025_10_11.jpg
│   │   │   ├── 3_2025_10_11.jpg
│   │   │   └── 4_2025_10_11.jpg
│   │   ├── 171
│   │   │   ├── 1_2025_10_11.jpg
│   │   │   ├── 2_2025_10_11.jpg
│   │   │   ├── 3_2025_10_11.jpg
│   │   │   └── 4_2025_10_11.jpg
│   │   ├── 172
│   │   │   ├── 1_2025_10_04.jpg
│   │   │   ├── 2_2025_10_04.jpg
│   │   │   └── 3_2025_10_04.jpg
│   │   ├── 173
│   │   │   ├── 1_2025_10_04.jpg
│   │   │   ├── 2_2025_10_04.jpg
│   │   │   └── 3_2025_10_04.jpg
│   │   ├── 174
│   │   │   ├── 1_2025_10_04.jpg
│   │   │   ├── 2_2025_10_04.jpg
│   │   │   └── 3_2025_10_04.jpg
│   │   ├── 175
│   │   │   ├── 1_2025_10_04.jpg
│   │   │   ├── 2_2025_10_04.jpg
│   │   │   └── 3_2025_10_04.jpg
│   │   ├── 176
│   │   │   ├── 1_2025_10_05.jpg
│   │   │   ├── 2_2025_10_05.jpg
│   │   │   └── 3_2025_10_05.jpg
│   │   ├── 177
│   │   │   ├── 1_2025_10_11.jpg
│   │   │   ├── 2_2025_10_11.jpg
│   │   │   └── 3_2025_10_11.jpg
│   │   ├── 178
│   │   │   ├── 1_2025_10_11.jpg
│   │   │   ├── 2_2025_10_11.jpg
│   │   │   └── 3_2025_10_11.jpg
│   │   ├── 179
│   │   │   ├── 1_2025_10_05.jpg
│   │   │   ├── 2_2025_10_05.jpg
│   │   │   └── 3_2025_10_05.jpg
│   │   ├── 18
│   │   │   ├── 1_2024_04_03.jpg
│   │   │   ├── 2_2024_04_03.jpg
│   │   │   └── 3_2024_04_03.jpg
│   │   ├── 180
│   │   │   ├── 1_2025_10_05.jpg
│   │   │   ├── 2_2025_10_05.jpg
│   │   │   └── 3_2025_10_05.jpg
│   │   ├── 181
│   │   │   ├── 1_2025_10_11.jpg
│   │   │   ├── 2_2025_10_11.jpg
│   │   │   └── 3_2025_10_11.jpg
│   │   ├── 182
│   │   │   ├── 1_2025_10_05.jpg
│   │   │   ├── 2_2025_10_05.jpg
│   │   │   └── 3_2025_10_05.jpg
│   │   ├── 183
│   │   │   ├── 1_2025_10_05.jpg
│   │   │   ├── 2_2025_10_05.jpg
│   │   │   └── 3_2025_10_05.jpg
│   │   ├── 184
│   │   │   ├── 1_2025_10_05.jpg
│   │   │   ├── 2_2025_10_05.jpg
│   │   │   └── 3_2025_10_05.jpg
│   │   ├── 185
│   │   │   ├── 1_2025_10_05.jpg
│   │   │   ├── 2_2025_10_05.jpg
│   │   │   └── 3_2025_10_05.jpg
│   │   ├── 186
│   │   │   ├── 1_2025_10_05.jpg
│   │   │   ├── 2_2025_10_05.jpg
│   │   │   └── 3_2025_10_05.jpg
│   │   ├── 187
│   │   │   ├── 1_2025_10_05.jpg
│   │   │   ├── 2_2025_10_05.jpg
│   │   │   └── 3_2025_10_05.jpg
│   │   ├── 188
│   │   │   ├── 1_2025_10_05.jpg
│   │   │   ├── 2_2025_10_05.jpg
│   │   │   └── 3_2025_10_05.jpg
│   │   ├── 189
│   │   │   ├── 1_2025_10_05.jpg
│   │   │   ├── 2_2025_10_05.jpg
│   │   │   └── 3_2025_10_05.jpg
│   │   ├── 19
│   │   │   └── 1_2024_12_18.jpg
│   │   ├── 190
│   │   │   ├── 10_2025_10_13.jpg
│   │   │   ├── 11_2025_10_13.jpg
│   │   │   ├── 1_2025_10_13.jpg
│   │   │   ├── 12_2025_10_13.jpg
│   │   │   ├── 13_2025_10_13.jpg
│   │   │   ├── 2_2025_10_13.jpg
│   │   │   ├── 3_2025_10_13.jpg
│   │   │   ├── 4_2025_10_13.jpg
│   │   │   ├── 5_2025_10_13.jpg
│   │   │   ├── 6_2025_10_13.jpg
│   │   │   ├── 7_2025_10_13.jpg
│   │   │   ├── 8_2025_10_13.jpg
│   │   │   └── 9_2025_10_13.jpg
│   │   ├── 191
│   │   │   ├── 1_2025_10_05.jpg
│   │   │   ├── 2_2025_10_05.jpg
│   │   │   └── 3_2025_10_05.jpg
│   │   ├── 2
│   │   │   ├── 1_2025_10_23.jpg
│   │   │   ├── 2_2025_10_23.jpg
│   │   │   ├── 3_2025_10_23.jpg
│   │   │   ├── 4_2025_10_23.jpg
│   │   │   ├── 5_2025_10_23.jpg
│   │   │   └── 6_2025_10_23.jpg
│   │   ├── 20
│   │   │   ├── 1_2025_08_30.jpg
│   │   │   └── 2_2025_08_30.jpg
│   │   ├── 21
│   │   │   ├── 1_2024_12_02.jpg
│   │   │   ├── 2_2024_12_02.jpg
│   │   │   ├── 3_2024_12_02.jpg
│   │   │   ├── 4_2024_12_02.jpg
│   │   │   ├── 5_2024_12_02.jpg
│   │   │   ├── 6_2024_12_02.jpg
│   │   │   └── 7_2024_12_02.jpg
│   │   ├── 22
│   │   │   ├── 1_2025_10_23.jpg
│   │   │   ├── 2_2025_10_23.jpg
│   │   │   ├── 3_2025_10_23.jpg
│   │   │   ├── 4_2025_10_23.jpg
│   │   │   ├── 5_2025_10_23.jpg
│   │   │   ├── 6_2025_10_23.jpg
│   │   │   └── 7_2025_10_23.jpg
│   │   ├── 23
│   │   │   ├── 1_2025_10_23.jpg
│   │   │   ├── 2_2025_10_23.jpg
│   │   │   ├── 3_2025_10_23.jpg
│   │   │   ├── 4_2025_10_23.jpg
│   │   │   └── 5_2025_10_23.jpg
│   │   ├── 24
│   │   │   ├── 1_2025_10_23.jpg
│   │   │   ├── 2_2025_10_23.jpg
│   │   │   ├── 3_2025_10_23.jpg
│   │   │   ├── 4_2025_10_23.jpg
│   │   │   └── 5_2025_10_23.jpg
│   │   ├── 25
│   │   │   ├── 1_2024_07_13.jpg
│   │   │   ├── 2_2024_07_13.jpg
│   │   │   └── 3_2024_07_13.jpg
│   │   ├── 26
│   │   │   ├── 1_2024_07_17.jpg
│   │   │   └── 2_2024_07_17.jpg
│   │   ├── 27
│   │   │   ├── 1_2024_12_18.jpg
│   │   │   ├── 2_2024_12_18.jpg
│   │   │   ├── 3_2024_12_18.jpg
│   │   │   └── 4_2024_12_18.jpg
│   │   ├── 28
│   │   │   ├── 1_2024_07_25.jpg
│   │   │   ├── 2_2024_07_25.jpg
│   │   │   └── 3_2024_07_25.jpg
│   │   ├── 29
│   │   │   ├── 1_2025_03_02.jpg
│   │   │   ├── 2_2025_03_02.jpg
│   │   │   ├── 3_2025_03_02.jpg
│   │   │   ├── 4_2025_03_02.jpg
│   │   │   └── 5_2025_03_02.jpg
│   │   ├── 3
│   │   │   ├── 1_2025_10_23.jpg
│   │   │   ├── 2_2025_10_23.jpg
│   │   │   └── 3_2025_10_23.jpg
│   │   ├── 30
│   │   │   ├── 1_2024_08_03.jpg
│   │   │   ├── 2_2024_08_03.jpg
│   │   │   ├── 3_2024_08_03.jpg
│   │   │   ├── 4_2024_08_03.jpg
│   │   │   ├── 5_2024_08_03.jpg
│   │   │   └── 6_2024_08_03.jpg
│   │   ├── 31
│   │   │   ├── 1_2024_08_07.jpg
│   │   │   ├── 2_2024_08_07.jpg
│   │   │   ├── 3_2024_08_07.jpg
│   │   │   ├── 4_2024_08_07.jpg
│   │   │   └── 5_2024_08_07.jpg
│   │   ├── 32
│   │   │   ├── 1_2025_01_05.jpg
│   │   │   ├── 2_2025_01_05.jpg
│   │   │   ├── 3_2025_01_05.jpg
│   │   │   ├── 4_2025_01_05.jpg
│   │   │   ├── 5_2025_01_05.jpg
│   │   │   ├── 6_2025_01_05.jpg
│   │   │   └── 7_2025_01_05.jpg
│   │   ├── 33
│   │   │   ├── 1_2025_08_30.jpg
│   │   │   ├── 2_2025_08_30.jpg
│   │   │   ├── 3_2025_08_30.jpg
│   │   │   ├── 4_2025_08_30.jpg
│   │   │   └── 5_2025_08_30.jpg
│   │   ├── 34
│   │   │   ├── 10_2024_12_02.jpg
│   │   │   ├── 1_2024_12_02.jpg
│   │   │   ├── 2_2024_12_02.jpg
│   │   │   ├── 3_2024_12_02.jpg
│   │   │   ├── 4_2024_12_02.jpg
│   │   │   ├── 5_2024_12_02.jpg
│   │   │   ├── 6_2024_12_02.jpg
│   │   │   ├── 7_2024_12_02.jpg
│   │   │   ├── 8_2024_12_02.jpg
│   │   │   └── 9_2024_12_02.jpg
│   │   ├── 35
│   │   │   ├── 1_2025_09_14.jpg
│   │   │   ├── 2_2025_09_14.jpg
│   │   │   ├── 3_2025_09_14.jpg
│   │   │   ├── 4_2025_09_14.jpg
│   │   │   ├── 5_2025_09_14.jpg
│   │   │   ├── 6_2025_09_14.jpg
│   │   │   ├── 7_2025_09_14.jpg
│   │   │   └── 8_2025_09_14.jpg
│   │   ├── 36
│   │   │   ├── 1_2024_10_14.jpg
│   │   │   ├── 2_2024_10_14.jpg
│   │   │   ├── 3_2024_10_14.jpg
│   │   │   ├── 4_2024_10_14.jpg
│   │   │   ├── 5_2024_10_14.jpg
│   │   │   ├── 6_2024_10_14.jpg
│   │   │   ├── 7_2024_10_14.jpg
│   │   │   ├── 8_2024_10_14.jpg
│   │   │   └── 9_2024_10_14.jpg
│   │   ├── 37
│   │   │   ├── 1_2025_02_27.jpg
│   │   │   ├── 2_2025_02_27.jpg
│   │   │   ├── 3_2025_02_27.jpg
│   │   │   └── 4_2025_02_27.jpg
│   │   ├── 38
│   │   │   ├── 1_2025_02_27.jpg
│   │   │   ├── 2_2025_02_27.jpg
│   │   │   ├── 3_2025_02_27.jpg
│   │   │   ├── 4_2025_02_27.jpg
│   │   │   └── 5_2025_02_27.jpg
│   │   ├── 39
│   │   │   ├── 1_2024_10_14.jpg
│   │   │   ├── 2_2024_10_14.jpg
│   │   │   ├── 3_2024_10_14.jpg
│   │   │   ├── 4_2024_10_14.jpg
│   │   │   ├── 5_2024_10_14.jpg
│   │   │   └── 6_2024_10_14.jpg
│   │   ├── 40
│   │   │   ├── 1_2024_12_10.jpg
│   │   │   ├── 2_2024_12_10.jpg
│   │   │   ├── 3_2024_12_10.jpg
│   │   │   ├── 4_2024_12_10.jpg
│   │   │   ├── 5_2024_12_10.jpg
│   │   │   ├── 6_2024_12_10.jpg
│   │   │   └── 7_2024_12_10.jpg
│   │   ├── 41
│   │   │   ├── 1_2025_11_11.jpg
│   │   │   ├── 2_2025_11_11.jpg
│   │   │   ├── 3_2025_11_11.jpg
│   │   │   ├── 4_2025_11_11.jpg
│   │   │   ├── 5_2025_11_11.jpg
│   │   │   ├── 6_2025_11_11.jpg
│   │   │   └── 7_2025_11_11.jpg
│   │   ├── 42
│   │   │   ├── 1_2024_10_14.jpg
│   │   │   ├── 2_2024_10_14.jpg
│   │   │   ├── 3_2024_10_14.jpg
│   │   │   ├── 4_2024_10_14.jpg
│   │   │   └── 5_2024_10_14.jpg
│   │   ├── 43
│   │   │   ├── 1_2025_09_10.jpg
│   │   │   ├── 2_2025_09_10.jpg
│   │   │   ├── 3_2025_09_10.jpg
│   │   │   ├── 4_2025_09_10.jpg
│   │   │   ├── 5_2025_09_10.jpg
│   │   │   └── 6_2025_09_10.jpg
│   │   ├── 44
│   │   │   ├── 1_2024_10_14.jpg
│   │   │   ├── 2_2024_10_14.jpg
│   │   │   ├── 3_2024_10_14.jpg
│   │   │   ├── 4_2024_10_14.jpg
│   │   │   ├── 5_2024_10_14.jpg
│   │   │   └── 6_2024_10_14.jpg
│   │   ├── 45
│   │   │   ├── 1_2024_10_29.jpg
│   │   │   ├── 2_2024_10_29.jpg
│   │   │   ├── 3_2024_10_29.jpg
│   │   │   ├── 4_2024_10_29.jpg
│   │   │   ├── 5_2024_10_29.jpg
│   │   │   └── 6_2024_10_29.jpg
│   │   ├── 46
│   │   │   ├── 1_2025_01_14.jpg
│   │   │   ├── 2_2025_01_14.jpg
│   │   │   ├── 3_2025_01_14.jpg
│   │   │   ├── 4_2025_01_14.jpg
│   │   │   ├── 5_2025_01_14.jpg
│   │   │   └── 6_2025_01_14.jpg
│   │   ├── 47
│   │   │   ├── 1_2024_10_17.jpg
│   │   │   ├── 2_2024_10_17.jpg
│   │   │   ├── 3_2024_10_17.jpg
│   │   │   ├── 4_2024_10_17.jpg
│   │   │   └── 5_2024_10_17.jpg
│   │   ├── 48
│   │   │   ├── 1_2025_09_11.jpg
│   │   │   ├── 2_2025_09_11.jpg
│   │   │   ├── 3_2025_09_11.jpg
│   │   │   └── 4_2025_09_11.jpg
│   │   ├── 49
│   │   │   ├── 1_2025_09_10.jpg
│   │   │   ├── 2_2025_09_10.jpg
│   │   │   ├── 3_2025_09_10.jpg
│   │   │   ├── 4_2025_09_10.jpg
│   │   │   ├── 5_2025_09_10.jpg
│   │   │   ├── 6_2025_09_10.jpg
│   │   │   └── 7_2025_09_10.jpg
│   │   ├── 5
│   │   │   ├── 1_2024_04_07.jpg
│   │   │   ├── 2_2024_04_07.jpg
│   │   │   ├── 3_2024_04_07.jpg
│   │   │   └── 4_2024_04_07.jpg
│   │   ├── 50
│   │   │   ├── 1_2024_11_20.jpg
│   │   │   ├── 2_2024_11_20.jpg
│   │   │   ├── 3_2024_11_20.jpg
│   │   │   ├── 4_2024_11_20.jpg
│   │   │   ├── 5_2024_11_20.jpg
│   │   │   ├── 6_2024_11_20.jpg
│   │   │   ├── 7_2024_11_20.jpg
│   │   │   └── 8_2024_11_20.jpg
│   │   ├── 51
│   │   │   ├── 1_2024_12_18.jpg
│   │   │   └── 2_2024_12_18.jpg
│   │   ├── 52
│   │   │   ├── 1_2024_12_18.jpg
│   │   │   ├── 2_2024_12_18.jpg
│   │   │   ├── 3_2024_12_18.jpg
│   │   │   ├── 4_2024_12_18.jpg
│   │   │   └── 5_2024_12_18.jpg
│   │   ├── 53
│   │   │   ├── 1_2024_12_18.jpg
│   │   │   └── 2_2024_12_18.jpg
│   │   ├── 54
│   │   │   ├── 1_2024_12_18.jpg
│   │   │   └── 2_2024_12_18.jpg
│   │   ├── 55
│   │   │   ├── 1_2024_12_18.jpg
│   │   │   ├── 2_2024_12_18.jpg
│   │   │   └── 3_2024_12_18.jpg
│   │   ├── 56
│   │   │   ├── 1_2024_12_26.jpg
│   │   │   ├── 2_2024_12_26.jpg
│   │   │   └── 3_2024_12_26.jpg
│   │   ├── 57
│   │   │   ├── 1_2024_12_26.jpg
│   │   │   ├── 2_2024_12_26.jpg
│   │   │   ├── 3_2024_12_26.jpg
│   │   │   ├── 4_2024_12_26.jpg
│   │   │   └── 5_2024_12_26.jpg
│   │   ├── 58
│   │   │   ├── 1_2025_09_10.jpg
│   │   │   ├── 2_2025_09_10.jpg
│   │   │   ├── 3_2025_09_10.jpg
│   │   │   ├── 4_2025_09_10.jpg
│   │   │   └── 5_2025_09_10.jpg
│   │   ├── 59
│   │   │   ├── 1_2025_05_13.jpg
│   │   │   ├── 2_2025_05_13.jpg
│   │   │   └── 3_2025_05_13.jpg
│   │   ├── 6
│   │   │   ├── 1_2025_10_23.jpg
│   │   │   ├── 2_2025_10_23.jpg
│   │   │   ├── 3_2025_10_23.jpg
│   │   │   ├── 4_2025_10_23.jpg
│   │   │   └── 5_2025_10_23.jpg
│   │   ├── 60
│   │   │   ├── 10_2025_09_10.jpg
│   │   │   ├── 1_2025_09_10.jpg
│   │   │   ├── 2_2025_09_10.jpg
│   │   │   ├── 3_2025_09_10.jpg
│   │   │   ├── 4_2025_09_10.jpg
│   │   │   ├── 5_2025_09_10.jpg
│   │   │   ├── 6_2025_09_10.jpg
│   │   │   ├── 7_2025_09_10.jpg
│   │   │   ├── 8_2025_09_10.jpg
│   │   │   └── 9_2025_09_10.jpg
│   │   ├── 61
│   │   │   ├── 1_2025_01_14.jpg
│   │   │   ├── 2_2025_01_14.jpg
│   │   │   ├── 3_2025_01_14.jpg
│   │   │   ├── 4_2025_01_14.jpg
│   │   │   ├── 5_2025_01_14.jpg
│   │   │   └── 6_2025_01_14.jpg
│   │   ├── 62
│   │   │   ├── 1_2025_09_10.jpg
│   │   │   ├── 2_2025_09_10.jpg
│   │   │   ├── 3_2025_09_10.jpg
│   │   │   ├── 4_2025_09_10.jpg
│   │   │   ├── 5_2025_09_10.jpg
│   │   │   ├── 6_2025_09_10.jpg
│   │   │   ├── 7_2025_09_10.jpg
│   │   │   └── 8_2025_09_10.jpg
│   │   ├── 63
│   │   ├── 64
│   │   │   ├── 10_2025_09_06.jpg
│   │   │   ├── 1_2025_09_06.jpg
│   │   │   ├── 2_2025_09_06.jpg
│   │   │   ├── 3_2025_09_06.jpg
│   │   │   ├── 4_2025_09_06.jpg
│   │   │   ├── 5_2025_09_06.jpg
│   │   │   ├── 6_2025_09_06.jpg
│   │   │   ├── 7_2025_09_06.jpg
│   │   │   ├── 8_2025_09_06.jpg
│   │   │   └── 9_2025_09_06.jpg
│   │   ├── 65
│   │   │   ├── 1_2025_03_02.jpg
│   │   │   ├── 2_2025_03_02.jpg
│   │   │   ├── 3_2025_03_02.jpg
│   │   │   ├── 4_2025_03_02.jpg
│   │   │   ├── 5_2025_03_02.jpg
│   │   │   ├── 6_2025_03_02.jpg
│   │   │   ├── 7_2025_03_02.jpg
│   │   │   └── 8_2025_03_02.jpg
│   │   ├── 66
│   │   │   ├── 1_2025_03_02.jpg
│   │   │   ├── 2_2025_03_02.jpg
│   │   │   ├── 3_2025_03_02.jpg
│   │   │   ├── 4_2025_03_02.jpg
│   │   │   ├── 5_2025_03_02.jpg
│   │   │   └── 6_2025_03_02.jpg
│   │   ├── 67
│   │   │   ├── 10_2025_03_02.jpg
│   │   │   ├── 11_2025_03_02.jpg
│   │   │   ├── 1_2025_03_02.jpg
│   │   │   ├── 12_2025_03_02.jpg
│   │   │   ├── 2_2025_03_02.jpg
│   │   │   ├── 3_2025_03_02.jpg
│   │   │   ├── 4_2025_03_02.jpg
│   │   │   ├── 5_2025_03_02.jpg
│   │   │   ├── 6_2025_03_02.jpg
│   │   │   ├── 7_2025_03_02.jpg
│   │   │   ├── 8_2025_03_02.jpg
│   │   │   └── 9_2025_03_02.jpg
│   │   ├── 68
│   │   │   ├── 1_2025_03_02.jpg
│   │   │   ├── 2_2025_03_02.jpg
│   │   │   ├── 3_2025_03_02.jpg
│   │   │   └── 4_2025_03_02.jpg
│   │   ├── 69
│   │   │   ├── 1_2025_03_02.jpg
│   │   │   ├── 2_2025_03_02.jpg
│   │   │   ├── 3_2025_03_02.jpg
│   │   │   ├── 4_2025_03_02.jpg
│   │   │   ├── 5_2025_03_02.jpg
│   │   │   └── 6_2025_03_02.jpg
│   │   ├── 7
│   │   │   ├── 1_2025_03_03.jpg
│   │   │   ├── 2_2025_03_03.jpg
│   │   │   ├── 3_2025_03_03.jpg
│   │   │   ├── 4_2025_03_03.jpg
│   │   │   ├── 5_2025_03_03.jpg
│   │   │   ├── 6_2025_03_03.jpg
│   │   │   ├── 7_2025_03_03.jpg
│   │   │   ├── 8_2025_03_03.jpg
│   │   │   └── 9_2025_03_03.jpg
│   │   ├── 70
│   │   │   ├── 1_2025_03_02.jpg
│   │   │   ├── 2_2025_03_02.jpg
│   │   │   ├── 3_2025_03_02.jpg
│   │   │   ├── 4_2025_03_02.jpg
│   │   │   └── 5_2025_03_02.jpg
│   │   ├── 71
│   │   │   ├── 1_2025_06_04.jpg
│   │   │   ├── 2_2025_06_04.jpg
│   │   │   ├── 3_2025_06_04.jpg
│   │   │   └── 4_2025_06_04.jpg
│   │   ├── 72
│   │   │   ├── 1_2025_06_04.jpg
│   │   │   ├── 2_2025_06_04.jpg
│   │   │   ├── 3_2025_06_04.jpg
│   │   │   └── 4_2025_06_04.jpg
│   │   ├── 73
│   │   │   ├── 1_2025_03_03.jpg
│   │   │   ├── 2_2025_03_03.jpg
│   │   │   ├── 3_2025_03_03.jpg
│   │   │   └── 4_2025_03_03.jpg
│   │   ├── 74
│   │   │   ├── 1_2025_03_02.jpg
│   │   │   ├── 2_2025_03_02.jpg
│   │   │   ├── 3_2025_03_02.jpg
│   │   │   ├── 4_2025_03_02.jpg
│   │   │   └── 5_2025_03_02.jpg
│   │   ├── 75
│   │   │   ├── 1_2025_03_02.jpg
│   │   │   ├── 2_2025_03_02.jpg
│   │   │   ├── 3_2025_03_02.jpg
│   │   │   └── 4_2025_03_02.jpg
│   │   ├── 76
│   │   │   ├── 1_2025_03_02.jpg
│   │   │   ├── 2_2025_03_02.jpg
│   │   │   ├── 3_2025_03_02.jpg
│   │   │   └── 4_2025_03_02.jpg
│   │   ├── 77
│   │   │   ├── 1_2025_03_02.jpg
│   │   │   ├── 2_2025_03_02.jpg
│   │   │   ├── 3_2025_03_02.jpg
│   │   │   ├── 4_2025_03_02.jpg
│   │   │   └── 5_2025_03_02.jpg
│   │   ├── 78
│   │   │   ├── 1_2025_03_02.jpg
│   │   │   ├── 2_2025_03_02.jpg
│   │   │   ├── 3_2025_03_02.jpg
│   │   │   ├── 4_2025_03_02.jpg
│   │   │   └── 5_2025_03_02.jpg
│   │   ├── 79
│   │   │   ├── 1_2025_03_02.jpg
│   │   │   ├── 2_2025_03_02.jpg
│   │   │   ├── 3_2025_03_02.jpg
│   │   │   ├── 4_2025_03_02.jpg
│   │   │   └── 5_2025_03_02.jpg
│   │   ├── 8
│   │   │   ├── 1_2025_09_08.jpg
│   │   │   ├── 2_2025_09_08.jpg
│   │   │   └── 3_2025_09_08.jpg
│   │   ├── 80
│   │   │   ├── 1_2025_08_29.jpg
│   │   │   ├── 2_2025_08_29.jpg
│   │   │   ├── 3_2025_08_29.jpg
│   │   │   └── 4_2025_08_29.jpg
│   │   ├── 81
│   │   │   ├── 1_2025_03_13.jpg
│   │   │   ├── 2_2025_03_13.jpg
│   │   │   └── 3_2025_03_13.jpg
│   │   ├── 82
│   │   │   ├── 1_2025_07_01.jpg
│   │   │   ├── 2_2025_07_01.jpg
│   │   │   ├── 3_2025_07_01.jpg
│   │   │   └── 4_2025_07_01.jpg
│   │   ├── 83
│   │   │   ├── 1_2025_06_11.jpg
│   │   │   ├── 2_2025_06_11.jpg
│   │   │   ├── 3_2025_06_11.jpg
│   │   │   └── 4_2025_06_11.jpg
│   │   ├── 84
│   │   │   ├── 1_2025_06_11.jpg
│   │   │   ├── 2_2025_06_11.jpg
│   │   │   ├── 3_2025_06_11.jpg
│   │   │   └── 4_2025_06_11.jpg
│   │   ├── 85
│   │   │   ├── 1_2025_06_11.jpg
│   │   │   ├── 2_2025_06_11.jpg
│   │   │   ├── 3_2025_06_11.jpg
│   │   │   └── 4_2025_06_11.jpg
│   │   ├── 86
│   │   │   ├── 1_2025_06_11.jpg
│   │   │   ├── 2_2025_06_11.jpg
│   │   │   ├── 3_2025_06_11.jpg
│   │   │   └── 4_2025_06_11.jpg
│   │   ├── 87
│   │   │   ├── 1_2025_06_11.jpg
│   │   │   ├── 2_2025_06_11.jpg
│   │   │   ├── 3_2025_06_11.jpg
│   │   │   ├── 4_2025_06_11.jpg
│   │   │   └── 5_2025_06_11.jpg
│   │   ├── 88
│   │   │   ├── 1_2025_06_14.jpg
│   │   │   ├── 2_2025_06_14.jpg
│   │   │   ├── 3_2025_06_14.jpg
│   │   │   └── 4_2025_06_14.jpg
│   │   ├── 89
│   │   │   ├── 1_2025_06_11.jpg
│   │   │   ├── 2_2025_06_11.jpg
│   │   │   ├── 3_2025_06_11.jpg
│   │   │   └── 4_2025_06_11.jpg
│   │   ├── 9
│   │   │   ├── 1_2025_09_08.jpg
│   │   │   ├── 2_2025_09_08.jpg
│   │   │   ├── 3_2025_09_08.jpg
│   │   │   └── 4_2025_09_08.jpg
│   │   ├── 90
│   │   │   ├── 1_2025_06_11.jpg
│   │   │   ├── 2_2025_06_11.jpg
│   │   │   ├── 3_2025_06_11.jpg
│   │   │   └── 4_2025_06_11.jpg
│   │   ├── 91
│   │   │   ├── 1_2025_06_11.jpg
│   │   │   ├── 2_2025_06_11.jpg
│   │   │   ├── 3_2025_06_11.jpg
│   │   │   ├── 4_2025_06_11.jpg
│   │   │   └── 5_2025_06_11.jpg
│   │   ├── 92
│   │   │   ├── 1_2025_06_11.jpg
│   │   │   ├── 2_2025_06_11.jpg
│   │   │   ├── 3_2025_06_11.jpg
│   │   │   └── 4_2025_06_11.jpg
│   │   ├── 93
│   │   │   ├── 1_2025_06_11.jpg
│   │   │   ├── 2_2025_06_11.jpg
│   │   │   └── 3_2025_06_11.jpg
│   │   ├── 94
│   │   │   ├── 1_2025_06_11.jpg
│   │   │   ├── 2_2025_06_11.jpg
│   │   │   ├── 3_2025_06_11.jpg
│   │   │   └── 4_2025_06_11.jpg
│   │   ├── 95
│   │   │   ├── 1_2025_08_09.jpg
│   │   │   └── 2_2025_08_09.jpg
│   │   ├── 96
│   │   │   ├── 1_2025_06_14.jpg
│   │   │   ├── 2_2025_06_14.jpg
│   │   │   ├── 3_2025_06_14.jpg
│   │   │   ├── 4_2025_06_14.jpg
│   │   │   └── 5_2025_06_14.jpg
│   │   ├── 97
│   │   │   ├── 1_2025_06_14.jpg
│   │   │   ├── 2_2025_06_14.jpg
│   │   │   ├── 3_2025_06_14.jpg
│   │   │   └── 4_2025_06_14.jpg
│   │   ├── 98
│   │   │   ├── 1_2025_06_14.jpg
│   │   │   ├── 2_2025_06_14.jpg
│   │   │   └── 3_2025_06_14.jpg
│   │   └── 99
│   │       ├── 1_2025_06_14.jpg
│   │       ├── 2_2025_06_14.jpg
│   │       └── 3_2025_06_14.jpg
│   ├── mouherwear-bc-2
│   │   └── mouherwear-bc-2
│   │       ├── addresses.csv
│   │       ├── cart_items.csv
│   │       ├── carts.csv
│   │       ├── categories.csv
│   │       ├── category_product.csv
│   │       ├── cms.csv
│   │       ├── collection_product.csv
│   │       ├── collections.csv
│   │       ├── coupons.csv
│   │       ├── failed_jobs.csv
│   │       ├── filament_comments.csv
│   │       ├── guide_product.csv
│   │       ├── guides.csv
│   │       ├── jobs.csv
│   │       ├── larapay_transactions.csv
│   │       ├── migrations.csv
│   │       ├── notifications.csv
│   │       ├── order_items.csv
│   │       ├── orders.csv
│   │       ├── password_reset_tokens.csv
│   │       ├── payment_methods.csv
│   │       ├── personal_access_tokens.csv
│   │       ├── product_images.csv
│   │       ├── products.csv
│   │       ├── product_similars.csv
│   │       ├── pulse_aggregates.csv
│   │       ├── pulse_entries.csv
│   │       ├── pulse_values.csv
│   │       ├── shipping_methods.csv
│   │       ├── telescope_entries.csv
│   │       ├── telescope_entries_tags.csv
│   │       ├── telescope_monitoring.csv
│   │       ├── transactions.csv
│   │       ├── transfers.csv
│   │       ├── users.csv
│   │       ├── variant_attributes.csv
│   │       ├── variants.csv
│   │       ├── variant_values.csv
│   │       └── wallets.csv
│   ├── mouherwear-more
│   │   ├── addresses.csv
│   │   ├── cart_items.csv
│   │   ├── carts.csv
│   │   ├── categories.csv
│   │   ├── category_product.csv
│   │   ├── cms.csv
│   │   ├── collection_product.csv
│   │   ├── collections.csv
│   │   ├── coupons.csv
│   │   ├── failed_jobs.csv
│   │   ├── filament_comments.csv
│   │   ├── guide_product.csv
│   │   ├── guides.csv
│   │   ├── jobs.csv
│   │   ├── larapay_transactions.csv
│   │   ├── migrations.csv
│   │   ├── notifications.csv
│   │   ├── order_items.csv
│   │   ├── orders.csv
│   │   ├── password_reset_tokens.csv
│   │   ├── payment_methods.csv
│   │   ├── personal_access_tokens.csv
│   │   ├── product_images.csv
│   │   ├── products.csv
│   │   ├── product_similars.csv
│   │   ├── pulse_aggregates.csv
│   │   ├── pulse_entries.csv
│   │   ├── pulse_values.csv
│   │   ├── shipping_methods.csv
│   │   ├── telescope_entries.csv
│   │   ├── telescope_entries_tags.csv
│   │   ├── telescope_monitoring.csv
│   │   ├── transactions.csv
│   │   ├── transfers.csv
│   │   ├── users.csv
│   │   ├── variant_attributes.csv
│   │   ├── variants.csv
│   │   ├── variant_values.csv
│   │   └── wallets.csv
│   └── videos
│       ├── 2-parnian-hq.webm
│       ├── 3-pesar.webm
│       └── parnian.webm
└── merged_product_info.csv

381 directories, 1688 files
